PRT1
322
934
4 0 81 (1056 0 1008 ) (1024 0 1008 ) (1024 0 160 ) (1056 0 160 ) 
4 0 16 (1024 0 160 ) (1024 0 264 ) (1024 224 264 ) (1024 224 160 ) 
4 0 13 (1024 0 264 ) (1024 0 304 ) (1024 224 304 ) (1024 224 264 ) 
4 0 8 (1024 224 304 ) (1024 880 304 ) (1024 880 160 ) (1024 224 160 ) 
4 0 1 (1024 0 304 ) (1024 0 1008 ) (1024 880 1008 ) (1024 880 304 ) 
4 1 83 (1024 0 304 ) (1024 0 312 ) (944 0 312 ) (944 0 304 ) 
4 1 84 (944 0 312 ) (510 0 312 ) (510 0 304 ) (944 0 304 ) 
4 1 82 (1024 0 312 ) (1024 0 1008 ) (510 0 1008 ) (510 0 312 ) 
4 1 13 (1024 0 304 ) (510 0 304 ) (510 224 304 ) (1024 224 304 ) 
4 1 11 (510 224 304 ) (510 232 304 ) (944 232 304 ) (944 224 304 ) 
4 1 9 (510 232 304 ) (510 880 304 ) (944 880 304 ) (944 232 304 ) 
4 1 8 (944 880 304 ) (1024 880 304 ) (1024 224 304 ) (944 224 304 ) 
4 1 4 (510 232 304 ) (510 208 304 ) (510 208 312 ) (510 232 312 ) 
4 1 3 (510 0 312 ) (510 0 1008 ) (510 232 1008 ) (510 232 312 ) 
4 1 2 (510 880 1008 ) (510 880 304 ) (510 232 304 ) (510 232 1008 ) 
4 2 9 (442 232 304 ) (442 880 304 ) (510 880 304 ) (510 232 304 ) 
4 2 5 (442 880 1008 ) (442 880 304 ) (442 232 304 ) (442 232 1008 ) 
4 2 4 (486 232 304 ) (510 232 304 ) (510 232 312 ) (486 232 312 ) 
4 2 3 (442 232 1008 ) (442 232 312 ) (510 232 312 ) (510 232 1008 ) 
4 3 82 (510 0 1008 ) (442 0 1008 ) (442 0 312 ) (510 0 312 ) 
4 3 6 (442 0 312 ) (442 0 1008 ) (442 232 1008 ) (442 232 312 ) 
3 3 4 (486 232 312 ) (510 232 312 ) (510 208 312 ) 
3 4 13 (510 224 304 ) (510 208 304 ) (494 224 304 ) 
4 4 11 (486 232 304 ) (510 232 304 ) (510 224 304 ) (494 224 304 ) 
4 5 9 (160 232 304 ) (160 880 304 ) (442 880 304 ) (442 232 304 ) 
4 5 6 (160 232 1008 ) (160 232 312 ) (442 232 312 ) (442 232 1008 ) 
4 5 7 (160 880 1008 ) (160 880 304 ) (160 232 304 ) (160 232 1008 ) 
4 6 82 (442 0 1008 ) (160 0 1008 ) (160 0 312 ) (442 0 312 ) 
4 6 7 (160 0 312 ) (160 0 1008 ) (160 232 1008 ) (160 232 312 ) 
4 7 162 (0 0 304 ) (0 0 312 ) (0 880 312 ) (0 880 304 ) 
4 7 161 (0 0 312 ) (0 0 1008 ) (0 880 1008 ) (0 880 312 ) 
4 7 105 (0 0 312 ) (0 0 304 ) (160 0 304 ) (160 0 312 ) 
4 7 82 (160 0 1008 ) (0 0 1008 ) (0 0 312 ) (160 0 312 ) 
4 7 15 (160 0 304 ) (0 0 304 ) (0 224 304 ) (160 224 304 ) 
4 7 12 (0 224 304 ) (0 232 304 ) (160 232 304 ) (160 224 304 ) 
4 7 9 (0 232 304 ) (0 880 304 ) (160 880 304 ) (160 232 304 ) 
4 8 16 (1024 224 160 ) (1024 224 264 ) (944 224 264 ) (944 224 160 ) 
4 8 13 (1024 224 264 ) (1024 224 304 ) (944 224 304 ) (944 224 264 ) 
4 8 11 (944 224 160 ) (944 224 304 ) (944 232 304 ) (944 232 160 ) 
4 8 9 (944 232 304 ) (944 880 304 ) (944 880 160 ) (944 232 160 ) 
4 9 164 (0 232 304 ) (0 880 304 ) (0 880 160 ) (0 232 160 ) 
4 9 11 (944 232 160 ) (944 232 304 ) (442 232 304 ) (442 232 160 ) 
4 9 12 (160 232 304 ) (0 232 304 ) (0 232 160 ) (160 232 160 ) 
4 9 10 (944 232 160 ) (0 232 160 ) (0 768 160 ) (944 768 160 ) 
4 10 165 (0 768 144 ) (0 232 144 ) (0 232 160 ) (0 768 160 ) 
4 10 36 (64 352 144 ) (64 768 144 ) (600 768 144 ) (600 352 144 ) 
4 10 37 (64 232 144 ) (0 232 144 ) (0 768 144 ) (64 768 144 ) 
4 10 32 (602 232 144 ) (600 232 144 ) (600 252 144 ) (602 252 144 ) 
4 10 31 (944 252 144 ) (944 232 144 ) (602 232 144 ) (602 252 144 ) 
4 10 30 (672 252 144 ) (600 252 144 ) (600 256 144 ) (672 272 144 ) 
4 10 29 (600 328 144 ) (600 768 144 ) (672 768 144 ) (672 312 144 ) 
4 10 28 (944 768 144 ) (944 252 144 ) (672 252 144 ) (672 768 144 ) 
4 10 11 (442 232 144 ) (944 232 144 ) (944 232 160 ) (442 232 160 ) 
4 10 12 (0 232 144 ) (160 232 144 ) (160 232 160 ) (0 232 160 ) 
4 11 32 (602 224 144 ) (600 224 144 ) (600 232 144 ) (602 232 144 ) 
4 11 31 (944 232 144 ) (944 224 144 ) (602 224 144 ) (602 232 144 ) 
4 11 18 (442 224 144 ) (444 224 144 ) (444 224 264 ) (442 224 264 ) 
4 11 17 (444 224 144 ) (944 224 144 ) (944 224 264 ) (444 224 264 ) 
4 11 13 (944 224 264 ) (944 224 304 ) (442 224 304 ) (442 224 264 ) 
4 12 166 (0 224 304 ) (0 232 304 ) (0 232 144 ) (0 224 144 ) 
4 12 37 (64 224 144 ) (0 224 144 ) (0 232 144 ) (64 232 144 ) 
4 12 26 (158 224 144 ) (160 224 144 ) (160 224 172 ) (158 224 172 ) 
4 12 23 (160 224 172 ) (160 224 264 ) (158 224 264 ) (158 224 172 ) 
4 12 27 (0 224 144 ) (158 224 144 ) (158 224 264 ) (0 224 264 ) 
4 12 15 (160 224 264 ) (160 224 304 ) (0 224 304 ) (0 224 264 ) 
4 13 88 (444 0 304 ) (442 0 304 ) (442 0 264 ) (444 0 264 ) 
4 13 86 (510 0 304 ) (444 0 304 ) (444 0 264 ) (510 0 264 ) 
4 13 83 (1024 0 264 ) (1024 0 304 ) (944 0 304 ) (944 0 264 ) 
4 13 84 (944 0 304 ) (510 0 304 ) (510 0 264 ) (944 0 264 ) 
4 13 18 (442 56 264 ) (442 224 264 ) (444 224 264 ) (444 56 264 ) 
4 13 16 (1024 0 264 ) (944 0 264 ) (944 224 264 ) (1024 224 264 ) 
4 13 17 (944 0 264 ) (444 0 264 ) (444 224 264 ) (944 224 264 ) 
4 14 106 (434 0 304 ) (168 0 304 ) (168 0 264 ) (434 0 264 ) 
4 14 22 (168 112 264 ) (168 224 264 ) (170 224 264 ) (170 112 264 ) 
4 14 21 (432 0 264 ) (170 0 264 ) (170 56 264 ) (432 56 264 ) 
4 14 19 (170 56 264 ) (170 224 264 ) (434 224 264 ) (434 56 264 ) 
4 15 167 (0 0 264 ) (0 0 304 ) (0 224 304 ) (0 224 264 ) 
4 15 107 (160 0 304 ) (0 0 304 ) (0 0 264 ) (160 0 264 ) 
4 15 23 (158 112 264 ) (158 224 264 ) (160 224 264 ) (160 112 264 ) 
4 15 27 (158 0 264 ) (0 0 264 ) (0 224 264 ) (158 224 264 ) 
4 16 83 (1024 0 160 ) (1024 0 264 ) (944 0 264 ) (944 0 160 ) 
4 16 17 (944 0 264 ) (944 224 264 ) (944 224 160 ) (944 0 160 ) 
4 17 86 (510 0 264 ) (444 0 264 ) (444 0 144 ) (510 0 144 ) 
4 17 84 (944 0 264 ) (510 0 264 ) (510 0 144 ) (944 0 144 ) 
4 17 35 (672 0 144 ) (600 0 144 ) (600 128 144 ) (672 144 144 ) 
4 17 34 (600 200 144 ) (600 204 144 ) (672 204 144 ) (672 184 144 ) 
4 17 33 (944 0 144 ) (672 0 144 ) (672 204 144 ) (944 204 144 ) 
4 17 32 (600 204 144 ) (600 224 144 ) (602 224 144 ) (602 204 144 ) 
4 17 31 (602 224 144 ) (944 224 144 ) (944 204 144 ) (602 204 144 ) 
4 17 20 (444 40 144 ) (444 0 144 ) (444 0 248 ) (444 40 248 ) 
4 17 18 (444 56 264 ) (444 224 264 ) (444 224 144 ) (444 56 144 ) 
4 19 25 (170 224 172 ) (170 224 144 ) (170 56 144 ) (170 56 172 ) 
4 19 24 (170 96 188 ) (170 56 188 ) (170 56 248 ) (170 96 248 ) 
4 19 22 (170 112 264 ) (170 224 264 ) (170 224 172 ) (170 112 172 ) 
4 19 21 (170 56 264 ) (170 56 144 ) (432 56 144 ) (432 56 264 ) 
4 20 108 (432 0 248 ) (432 0 144 ) (442 0 144 ) (442 0 248 ) 
4 20 90 (442 0 144 ) (444 0 144 ) (444 0 248 ) (442 0 248 ) 
4 20 21 (432 40 144 ) (432 0 144 ) (432 0 248 ) (432 40 248 ) 
4 21 109 (432 0 264 ) (170 0 264 ) (170 0 144 ) (432 0 144 ) 
4 21 25 (170 56 172 ) (170 56 144 ) (170 0 144 ) (170 0 172 ) 
4 21 24 (170 56 248 ) (170 56 188 ) (170 0 188 ) (170 0 248 ) 
4 22 25 (168 224 172 ) (170 224 172 ) (170 112 172 ) (168 112 172 ) 
4 23 26 (158 112 172 ) (158 224 172 ) (160 224 172 ) (160 112 172 ) 
4 23 27 (158 112 264 ) (158 224 264 ) (158 224 172 ) (158 112 172 ) 
4 24 111 (158 0 248 ) (158 0 188 ) (170 0 188 ) (170 0 248 ) 
4 24 27 (158 96 188 ) (158 0 188 ) (158 0 248 ) (158 96 248 ) 
4 25 112 (168 0 144 ) (170 0 144 ) (170 0 172 ) (168 0 172 ) 
4 26 113 (158 0 172 ) (158 0 144 ) (160 0 144 ) (160 0 172 ) 
4 26 27 (158 224 172 ) (158 224 144 ) (158 0 144 ) (158 0 172 ) 
4 27 169 (0 0 144 ) (0 0 264 ) (0 224 264 ) (0 224 144 ) 
4 27 116 (158 0 264 ) (0 0 264 ) (0 0 144 ) (158 0 144 ) 
4 27 37 (64 0 144 ) (0 0 144 ) (0 224 144 ) (64 224 144 ) 
4 28 42 (672 768 96 ) (944 768 96 ) (944 252 96 ) (672 252 96 ) 
4 28 31 (672 252 96 ) (944 252 96 ) (944 252 144 ) (672 252 144 ) 
4 28 30 (672 272 96 ) (672 252 96 ) (672 252 144 ) (672 272 144 ) 
4 28 29 (672 768 144 ) (672 768 96 ) (672 312 96 ) (672 312 144 ) 
4 29 44 (600 328 96 ) (600 768 96 ) (672 768 96 ) (672 312 96 ) 
4 29 38 (600 768 96 ) (600 328 96 ) (600 328 136 ) (600 768 136 ) 
4 29 36 (600 352 144 ) (600 768 144 ) (600 768 136 ) (600 352 136 ) 
4 30 45 (600 252 96 ) (600 256 96 ) (672 272 96 ) (672 252 96 ) 
4 30 32 (600 252 144 ) (600 252 96 ) (602 252 96 ) (602 252 144 ) 
4 30 31 (602 252 96 ) (672 252 96 ) (672 252 144 ) (602 252 144 ) 
4 31 46 (602 252 96 ) (944 252 96 ) (944 204 96 ) (602 204 96 ) 
4 31 34 (602 204 96 ) (672 204 96 ) (672 204 144 ) (602 204 144 ) 
4 31 33 (672 204 96 ) (944 204 96 ) (944 204 144 ) (672 204 144 ) 
4 31 32 (602 252 144 ) (602 252 96 ) (602 204 96 ) (602 204 144 ) 
4 32 47 (600 204 96 ) (600 252 96 ) (602 252 96 ) (602 204 96 ) 
4 32 34 (600 204 144 ) (600 204 96 ) (602 204 96 ) (602 204 144 ) 
4 33 121 (896 0 144 ) (848 0 144 ) (848 0 96 ) (896 0 96 ) 
4 33 120 (944 0 144 ) (896 0 144 ) (896 0 96 ) (944 0 96 ) 
4 33 123 (848 0 144 ) (672 0 144 ) (672 0 96 ) (848 0 96 ) 
4 33 52 (944 0 96 ) (672 0 96 ) (672 56 96 ) (944 56 96 ) 
4 33 48 (672 56 96 ) (672 204 96 ) (944 204 96 ) (944 56 96 ) 
4 33 35 (672 144 96 ) (672 0 96 ) (672 0 144 ) (672 144 144 ) 
4 33 34 (672 204 144 ) (672 204 96 ) (672 184 96 ) (672 184 144 ) 
4 34 50 (600 200 96 ) (600 204 96 ) (672 204 96 ) (672 184 96 ) 
4 35 123 (672 0 144 ) (600 0 144 ) (600 0 96 ) (672 0 96 ) 
4 35 52 (672 0 96 ) (602 0 96 ) (602 56 96 ) (672 56 96 ) 
4 35 51 (600 56 96 ) (600 128 96 ) (672 144 96 ) (672 56 96 ) 
4 36 38 (600 768 136 ) (600 352 136 ) (64 352 136 ) (64 768 136 ) 
4 36 37 (64 768 144 ) (64 768 136 ) (64 352 136 ) (64 352 144 ) 
4 37 200 (0 0 136 ) (0 0 144 ) (0 352 144 ) (0 352 136 ) 
4 37 199 (0 352 144 ) (0 768 144 ) (0 768 136 ) (0 352 136 ) 
4 37 124 (64 0 144 ) (0 0 144 ) (0 0 136 ) (64 0 136 ) 
4 37 41 (64 0 136 ) (0 0 136 ) (0 320 136 ) (64 320 136 ) 
4 37 39 (0 320 136 ) (0 328 136 ) (64 328 136 ) (64 320 136 ) 
4 37 38 (0 328 136 ) (0 768 136 ) (64 768 136 ) (64 328 136 ) 
4 38 201 (0 328 136 ) (0 768 136 ) (0 768 96 ) (0 328 96 ) 
4 38 71 (0 328 96 ) (0 768 96 ) (80 768 96 ) (80 328 96 ) 
4 38 63 (80 768 96 ) (92 768 96 ) (92 328 96 ) (80 328 96 ) 
4 38 58 (92 768 96 ) (204 768 96 ) (204 330 96 ) (92 330 96 ) 
4 38 54 (204 768 96 ) (600 768 96 ) (600 328 96 ) (204 328 96 ) 
4 38 39 (0 328 96 ) (82 328 96 ) (82 328 136 ) (0 328 136 ) 
4 39 201 (0 320 136 ) (0 328 136 ) (0 328 96 ) (0 320 96 ) 
4 39 71 (0 320 96 ) (0 328 96 ) (80 328 96 ) (80 320 96 ) 
4 39 64 (80 328 96 ) (82 328 96 ) (82 320 96 ) (80 320 96 ) 
4 39 41 (0 320 96 ) (82 320 96 ) (82 320 136 ) (0 320 136 ) 
4 40 126 (90 0 96 ) (592 0 96 ) (592 0 136 ) (90 0 136 ) 
4 40 68 (90 56 96 ) (90 206 96 ) (92 206 96 ) (92 56 96 ) 
4 40 62 (204 0 96 ) (92 0 96 ) (92 318 96 ) (204 318 96 ) 
4 40 57 (590 0 96 ) (204 0 96 ) (204 56 96 ) (590 56 96 ) 
4 40 55 (204 56 96 ) (204 320 96 ) (592 320 96 ) (592 56 96 ) 
4 41 203 (0 0 96 ) (0 0 136 ) (0 320 136 ) (0 320 96 ) 
4 41 127 (0 0 136 ) (0 0 96 ) (82 0 96 ) (82 0 136 ) 
4 41 72 (0 56 96 ) (0 72 96 ) (80 72 96 ) (80 56 96 ) 
4 41 75 (80 0 96 ) (0 0 96 ) (0 56 96 ) (80 56 96 ) 
4 41 71 (0 72 96 ) (0 320 96 ) (80 320 96 ) (80 72 96 ) 
4 41 69 (80 56 96 ) (80 206 96 ) (82 206 96 ) (82 56 96 ) 
4 41 64 (80 318 96 ) (80 320 96 ) (82 320 96 ) (82 318 96 ) 
4 42 46 (672 252 -24 ) (944 252 -24 ) (944 252 96 ) (672 252 96 ) 
4 42 45 (672 272 92 ) (672 252 92 ) (672 252 96 ) (672 272 96 ) 
4 42 44 (672 768 96 ) (672 768 92 ) (672 312 92 ) (672 312 96 ) 
4 42 43 (672 768 92 ) (672 768 -24 ) (672 252 -24 ) (672 252 92 ) 
4 43 54 (600 768 -24 ) (600 328 -24 ) (600 328 60 ) (600 768 60 ) 
4 43 47 (600 252 60 ) (600 252 -24 ) (602 252 -24 ) (602 252 60.888920 ) 
4 43 46 (602 252 -24 ) (672 252 -24 ) (672 252 92 ) (602 252 60.888920 ) 
4 43 45 (600 252 60 ) (672 252 92 ) (672 272 92 ) (600 256 60 ) 
4 43 44 (672 312 92 ) (672 768 92 ) (600 768 60 ) (600 328 60 ) 
4 44 54 (600 328 96 ) (600 768 96 ) (600 768 60 ) (600 328 60 ) 
4 45 47 (600 252 96 ) (600 252 60 ) (602 252 60.888920 ) (602 252 96 ) 
4 45 46 (602 252 60.888920 ) (672 252 92 ) (672 252 96 ) (602 252 96 ) 
4 46 50 (672 204 92 ) (672 204 96 ) (602 204 96 ) (602 204 60.888905 ) 
4 46 49 (602 204 -24 ) (672 204 -24 ) (672 204 92 ) (602 204 60.888905 ) 
4 46 48 (672 204 -24 ) (944 204 -24 ) (944 204 96 ) (672 204 96 ) 
4 46 47 (602 252 96 ) (602 252 -24 ) (602 204 -24 ) (602 204 96 ) 
4 47 50 (600 204 96 ) (600 204 60 ) (602 204 60.888901 ) (602 204 96 ) 
4 47 49 (600 204 60 ) (600 204 -24 ) (602 204 -24 ) (602 204 60.888901 ) 
4 48 52 (672 56 -24 ) (944 56 -24 ) (944 56 96 ) (672 56 96 ) 
4 48 51 (672 144 92 ) (672 56 92 ) (672 56 96 ) (672 144 96 ) 
4 48 50 (672 204 96 ) (672 204 92 ) (672 184 92 ) (672 184 96 ) 
4 48 49 (672 204 92 ) (672 204 -24 ) (672 56 -24 ) (672 56 92 ) 
4 49 52 (602 56 -24 ) (672 56 -24 ) (672 56 92 ) (602 56 60.888920 ) 
4 49 51 (600 56 60 ) (672 56 92 ) (672 144 92 ) (600 128 60 ) 
4 49 50 (672 184 92 ) (672 204 92 ) (600 204 60 ) (600 200 60 ) 
4 51 52 (602 56 60.888920 ) (672 56 92 ) (672 56 96 ) (602 56 96 ) 
4 52 130 (944 0 96 ) (602 0 96 ) (602 0 -24 ) (944 0 -24 ) 
4 52 53 (602 40 -24 ) (602 0 -24 ) (602 0 80 ) (602 40 80 ) 
4 53 131 (600 0 80 ) (600 0 -24 ) (602 0 -24 ) (602 0 80 ) 
4 53 56 (600 40 -24 ) (600 0 -24 ) (600 0 80 ) (600 40 80 ) 
4 54 60 (204 330 -24 ) (204 328 -24 ) (204 328 4 ) (204 330 4 ) 
4 54 58 (204 768 -24 ) (204 330 -24 ) (204 330 96 ) (204 768 96 ) 
4 55 61 (204 320 -24 ) (204 318 -24 ) (204 318 4 ) (204 320 4 ) 
4 55 62 (204 318 -24 ) (204 56 -24 ) (204 56 96 ) (204 318 96 ) 
4 55 57 (204 56 96 ) (204 56 -24 ) (590 56 -24 ) (590 56 96 ) 
4 56 131 (590 0 80 ) (590 0 -24 ) (600 0 -24 ) (600 0 80 ) 
4 56 57 (590 40 -24 ) (590 0 -24 ) (590 0 80 ) (590 40 80 ) 
4 57 132 (590 0 96 ) (204 0 96 ) (204 0 -24 ) (590 0 -24 ) 
4 57 62 (204 56 -24 ) (204 0 -24 ) (204 0 96 ) (204 56 96 ) 
4 58 63 (92 768 -24 ) (92 330 -24 ) (92 330 96 ) (92 768 96 ) 
4 58 60 (92 330 4 ) (92 330 -24 ) (204 330 -24 ) (204 330 4 ) 
4 58 59 (108 330 20 ) (188 330 20 ) (188 330 80 ) (108 330 80 ) 
4 59 62 (108 318 20 ) (188 318 20 ) (188 318 80 ) (108 318 80 ) 
4 60 63 (92 330 -24 ) (92 328 -24 ) (92 328 4 ) (92 330 4 ) 
4 61 62 (92 318 4 ) (92 318 -24 ) (204 318 -24 ) (204 318 4 ) 
4 62 140 (204 0 96 ) (92 0 96 ) (92 0 -24 ) (204 0 -24 ) 
4 62 70 (92 40 -24 ) (92 0 -24 ) (92 0 80 ) (92 40 80 ) 
4 62 68 (92 206 -24 ) (92 56 -24 ) (92 56 96 ) (92 206 96 ) 
4 62 66 (92 318 -24 ) (92 206 -24 ) (92 206 4 ) (92 318 4 ) 
4 62 65 (92 222 80 ) (92 302 80 ) (92 302 20 ) (92 222 20 ) 
4 63 71 (80 768 -24 ) (80 328 -24 ) (80 328 96 ) (80 768 96 ) 
4 63 64 (80 328 96 ) (80 328 -24 ) (82 328 -24 ) (82 328 96 ) 
4 64 71 (80 328 -24 ) (80 318 -24 ) (80 318 96 ) (80 328 96 ) 
4 64 67 (80 318 4 ) (80 318 -24 ) (82 318 -24 ) (82 318 4 ) 
4 65 71 (80 222 80 ) (80 302 80 ) (80 302 20 ) (80 222 20 ) 
4 66 68 (90 206 -24 ) (92 206 -24 ) (92 206 4 ) (90 206 4 ) 
4 67 71 (80 318 -24 ) (80 206 -24 ) (80 206 4 ) (80 318 4 ) 
4 67 69 (80 206 4 ) (80 206 -24 ) (82 206 -24 ) (82 206 4 ) 
3 69 74 (80 66.666702 -10 ) (80 72 -10 ) (80 72 -12 ) 
3 69 73 (80 56 -12 ) (80 56 -10 ) (80 61.333302 -10 ) 
4 69 72 (80 56 -10 ) (80 56 96 ) (80 72 96 ) (80 72 -10 ) 
4 69 71 (80 206 -24 ) (80 72 -24 ) (80 72 96 ) (80 206 96 ) 
4 70 145 (80 0 80 ) (80 0 -24 ) (92 0 -24 ) (92 0 80 ) 
4 70 75 (80 40 -24 ) (80 0 -24 ) (80 0 80 ) (80 40 80 ) 
4 71 209 (0 72 96 ) (0 768 96 ) (0 768 -24 ) (0 72 -24 ) 
4 71 76 (80 768 -24 ) (80 72 -24 ) (0 72 -24 ) (0 768 -24 ) 
4 71 74 (80 72 -12 ) (80 72 -10 ) (0 72 -10 ) (0 72 -12 ) 
4 71 72 (80 72 -10 ) (80 72 96 ) (0 72 96 ) (0 72 -10 ) 
4 72 210 (0 56 96 ) (0 72 96 ) (0 72 -10 ) (0 56 -10 ) 
4 72 74 (0 66.666702 -10 ) (0 72 -10 ) (80 72 -10 ) (80 66.666702 -10 ) 
4 72 73 (80 56 -10 ) (0 56 -10 ) (0 61.333302 -10 ) (80 61.333302 -10 ) 
4 72 75 (80 56 -10 ) (80 56 96 ) (0 56 96 ) (0 56 -10 ) 
3 73 211 (0 56 -12 ) (0 56 -10 ) (0 61.333302 -10 ) 
4 73 75 (80 56 -12 ) (80 56 -10 ) (0 56 -10 ) (0 56 -12 ) 
3 74 212 (0 72 -10 ) (0 72 -12 ) (0 66.666702 -10 ) 
4 75 213 (0 0 -24 ) (0 0 96 ) (0 56 96 ) (0 56 -24 ) 
4 75 153 (80 0 96 ) (0 0 96 ) (0 0 -24 ) (80 0 -24 ) 
4 75 79 (0 4 -24 ) (0 56 -24 ) (76 56 -24 ) (76 4 -24 ) 
4 76 237 (0 72 -24 ) (0 768 -24 ) (0 768 -32 ) (0 60 -32 ) 
4 76 77 (0 60 -32 ) (0 768 -32 ) (80 768 -32 ) (80 60 -32 ) 
4 77 239 (0 768 -32 ) (0 768 -4064 ) (0 56 -4064 ) (0 56 -32 ) 
4 77 79 (0 56 -4064 ) (76 56 -4064 ) (76 56 -32 ) (0 56 -32 ) 
4 77 78 (76 56 -4064 ) (80 56 -4064 ) (80 56 -32 ) (76 56 -32 ) 
4 78 160 (76 0 -32 ) (76 0 -4064 ) (80 0 -4064 ) (80 0 -32 ) 
4 78 80 (76 4 -4064 ) (76 0 -4064 ) (76 0 -32 ) (76 4 -32 ) 
4 78 79 (76 56 -32 ) (76 56 -4064 ) (76 4 -4064 ) (76 4 -32 ) 
4 79 238 (0 4 -24 ) (0 56 -24 ) (0 56 -32 ) (0 4 -32 ) 
4 79 239 (0 56 -32 ) (0 56 -4064 ) (0 4 -4064 ) (0 4 -32 ) 
4 79 80 (0 4 -4064 ) (76 4 -4064 ) (76 4 -32 ) (0 4 -32 ) 
4 80 239 (0 0 -4064 ) (0 0 -32 ) (0 4 -32 ) (0 4 -4064 ) 
4 80 160 (0 0 -32 ) (0 0 -4064 ) (76 0 -4064 ) (76 0 -32 ) 
4 81 93 (1024 -164 160 ) (1024 -880 160 ) (1024 -880 312 ) (1024 -164 312 ) 
4 81 83 (1024 0 312 ) (1024 0 160 ) (1024 -164 160 ) (1024 -164 312 ) 
4 81 82 (1024 0 1008 ) (1024 0 312 ) (1024 -880 312 ) (1024 -880 1008 ) 
4 82 241 (0 -880 1008 ) (0 0 1008 ) (0 0 312 ) (0 -880 312 ) 
4 82 104 (442 -880 312 ) (160 -880 312 ) (160 -232 312 ) (442 -232 312 ) 
4 82 105 (160 -880 312 ) (0 -880 312 ) (0 0 312 ) (160 0 312 ) 
4 82 103 (944 -880 312 ) (442 -880 312 ) (442 -768 312 ) (944 -768 312 ) 
3 82 102 (442 -164 312 ) (465.142822 -164 312 ) (478 -174 312 ) 
3 82 101 (442 -250 312 ) (442 -232 312 ) (478 -222 312 ) 
4 82 100 (442 -768 312 ) (442 -250 312 ) (496 -208 312 ) (496 -768 312 ) 
3 82 99 (465.142822 -164 312 ) (496 -164 312 ) (496 -188 312 ) 
4 82 96 (896 -766 312 ) (896 -768 312 ) (848 -768 312 ) (848 -766 312 ) 
4 82 95 (848 -164 312 ) (896 -164 312 ) (896 -766 312 ) (848 -766 312 ) 
4 82 94 (896 -164 312 ) (944 -164 312 ) (944 -768 312 ) (896 -768 312 ) 
4 82 98 (496 -164 312 ) (848 -164 312 ) (848 -768 312 ) (496 -768 312 ) 
4 82 93 (1024 -164 312 ) (1024 -880 312 ) (944 -880 312 ) (944 -164 312 ) 
4 82 89 (442 -116 312 ) (442 -96 312 ) (444 -96 312 ) (444 -116 312 ) 
4 82 92 (444 -164 312 ) (442 -164 312 ) (442 -116 312 ) (444 -116 312 ) 
3 82 85 (510 -72 312 ) (510 -96 312 ) (486 -96 312 ) 
4 82 87 (510 -164 312 ) (444 -164 312 ) (444 -96 312 ) (510 -96 312 ) 
4 82 83 (1024 0 312 ) (1024 -164 312 ) (944 -164 312 ) (944 0 312 ) 
4 82 84 (944 -164 312 ) (510 -164 312 ) (510 0 312 ) (944 0 312 ) 
4 83 93 (1024 -164 160 ) (1024 -164 312 ) (944 -164 312 ) (944 -164 160 ) 
4 83 84 (944 -164 160 ) (944 -164 312 ) (944 0 312 ) (944 0 160 ) 
4 84 121 (848 0 144 ) (896 0 144 ) (896 -164 144 ) (848 -164 144 ) 
4 84 120 (896 0 144 ) (944 0 144 ) (944 -164 144 ) (896 -164 144 ) 
4 84 123 (600 0 144 ) (848 0 144 ) (848 -164 144 ) (600 -164 144 ) 
4 84 95 (848 -164 144 ) (896 -164 144 ) (896 -164 312 ) (848 -164 312 ) 
4 84 94 (896 -164 144 ) (944 -164 144 ) (944 -164 312 ) (896 -164 312 ) 
4 84 98 (510 -164 144 ) (848 -164 144 ) (848 -164 312 ) (510 -164 312 ) 
4 84 85 (510 -96 304 ) (510 -96 312 ) (510 -72 312 ) (510 -72 304 ) 
4 84 86 (510 0 144 ) (510 -96 144 ) (510 -96 304 ) (510 0 304 ) 
4 84 87 (510 -96 144 ) (510 -164 144 ) (510 -164 312 ) (510 -96 312 ) 
3 85 86 (510 -96 304 ) (486 -96 304 ) (510 -72 304 ) 
4 85 87 (486 -96 304 ) (510 -96 304 ) (510 -96 312 ) (486 -96 312 ) 
4 86 91 (444 -56 144 ) (444 -96 144 ) (444 -96 264 ) (444 -56 264 ) 
4 86 90 (444 0 144 ) (444 -40 144 ) (444 -40 248 ) (444 0 248 ) 
4 86 88 (444 -96 264 ) (444 -96 304 ) (444 0 304 ) (444 0 264 ) 
4 86 87 (444 -96 304 ) (444 -96 144 ) (510 -96 144 ) (510 -96 304 ) 
4 87 102 (444 -164 144 ) (465.142822 -164 144 ) (465.142822 -164 312 ) (444 -164 312 ) 
4 87 99 (465.142822 -164 144 ) (496 -164 144 ) (496 -164 312 ) (465.142822 -164 312 ) 
4 87 98 (496 -164 144 ) (510 -164 144 ) (510 -164 312 ) (496 -164 312 ) 
4 87 91 (444 -96 144 ) (444 -116 144 ) (444 -116 264 ) (444 -96 264 ) 
4 87 89 (444 -116 264 ) (444 -116 312 ) (444 -96 312 ) (444 -96 264 ) 
4 87 92 (444 -116 144 ) (444 -164 144 ) (444 -164 312 ) (444 -116 312 ) 
4 88 91 (442 -96 264 ) (442 -56 264 ) (444 -56 264 ) (444 -96 264 ) 
4 88 89 (442 -96 304 ) (442 -96 264 ) (444 -96 264 ) (444 -96 304 ) 
4 89 91 (444 -116 264 ) (442 -116 264 ) (442 -96 264 ) (444 -96 264 ) 
4 89 92 (442 -116 312 ) (442 -116 264 ) (444 -116 264 ) (444 -116 312 ) 
4 90 108 (442 0 144 ) (442 -40 144 ) (442 -40 248 ) (442 0 248 ) 
4 91 92 (442 -116 264 ) (442 -116 144 ) (444 -116 144 ) (444 -116 264 ) 
4 92 102 (442 -164 312 ) (442 -164 144 ) (444 -164 144 ) (444 -164 312 ) 
4 93 103 (944 -768 160 ) (944 -880 160 ) (944 -880 312 ) (944 -768 312 ) 
4 93 94 (944 -164 312 ) (944 -164 160 ) (944 -768 160 ) (944 -768 312 ) 
4 94 120 (896 -164 144 ) (944 -164 144 ) (944 -768 144 ) (896 -768 144 ) 
4 94 103 (944 -768 160 ) (944 -768 312 ) (896 -768 312 ) (896 -768 160 ) 
4 94 97 (896 -766 144 ) (896 -768 144 ) (896 -768 160 ) (896 -766 160 ) 
4 94 96 (896 -768 160 ) (896 -768 312 ) (896 -766 312 ) (896 -766 160 ) 
4 94 95 (896 -164 312 ) (896 -164 144 ) (896 -766 144 ) (896 -766 312 ) 
4 95 121 (848 -164 144 ) (896 -164 144 ) (896 -766 144 ) (848 -766 144 ) 
4 95 97 (848 -766 160 ) (848 -766 144 ) (896 -766 144 ) (896 -766 160 ) 
4 95 96 (848 -766 312 ) (848 -766 160 ) (896 -766 160 ) (896 -766 312 ) 
4 95 98 (848 -164 312 ) (848 -164 144 ) (848 -766 144 ) (848 -766 312 ) 
4 96 103 (896 -768 160 ) (896 -768 312 ) (848 -768 312 ) (848 -768 160 ) 
4 96 98 (848 -768 160 ) (848 -768 312 ) (848 -766 312 ) (848 -766 160 ) 
4 96 97 (848 -768 160 ) (848 -766 160 ) (896 -766 160 ) (896 -768 160 ) 
4 97 122 (896 -766 144 ) (896 -768 144 ) (848 -768 144 ) (848 -766 144 ) 
4 97 98 (848 -766 144 ) (848 -768 144 ) (848 -768 160 ) (848 -766 160 ) 
4 98 125 (600 -352 144 ) (600 -768 144 ) (496 -768 144 ) (496 -352 144 ) 
4 98 123 (600 -164 144 ) (848 -164 144 ) (848 -768 144 ) (600 -768 144 ) 
4 98 103 (848 -768 160 ) (848 -768 312 ) (496 -768 312 ) (496 -768 160 ) 
4 98 100 (496 -208 144 ) (496 -768 144 ) (496 -768 312 ) (496 -208 312 ) 
4 98 99 (496 -164 312 ) (496 -164 144 ) (496 -188 144 ) (496 -188 312 ) 
4 99 102 (465.141754 -164 312 ) (465.141754 -164 144 ) (477.998993 -174 144 ) (477.998993 -174 312 ) 
4 100 125 (442 -768 144 ) (442 -352 144 ) (496 -352 144 ) (496 -768 144 ) 
4 100 119 (442 -250 144 ) (442 -768 144 ) (442 -768 160 ) (442 -250 160 ) 
4 100 118 (442 -768 160 ) (442 -768 304 ) (442 -250 304 ) (442 -250 160 ) 
4 100 104 (442 -768 304 ) (442 -768 312 ) (442 -250 312 ) (442 -250 304 ) 
4 100 103 (442 -768 312 ) (442 -768 160 ) (496 -768 160 ) (496 -768 312 ) 
4 100 101 (478.002563 -222 144 ) (442 -250.001282 144 ) (442 -250.001282 312 ) (478.002563 -222 312 ) 
4 101 119 (442 -232 144 ) (442 -250 144 ) (442 -250 160 ) (442 -232 160 ) 
4 101 118 (442 -250 160 ) (442 -250 304 ) (442 -232 304 ) (442 -232 160 ) 
4 101 104 (442 -250 304 ) (442 -250 312 ) (442 -232 312 ) (442 -232 304 ) 
4 103 118 (442 -768 304 ) (442 -768 160 ) (442 -880 160 ) (442 -880 304 ) 
4 103 104 (442 -880 312 ) (442 -768 312 ) (442 -768 304 ) (442 -880 304 ) 
4 104 118 (442 -232 304 ) (442 -880 304 ) (160 -880 304 ) (160 -232 304 ) 
4 104 105 (160 -232 304 ) (160 -880 304 ) (160 -880 312 ) (160 -232 312 ) 
4 105 241 (0 -880 312 ) (0 0 312 ) (0 0 304 ) (0 -880 304 ) 
4 105 118 (160 -880 304 ) (0 -880 304 ) (0 -232 304 ) (160 -232 304 ) 
4 105 117 (0 -232 304 ) (0 -224 304 ) (160 -224 304 ) (160 -232 304 ) 
4 105 107 (0 -224 304 ) (0 0 304 ) (160 0 304 ) (160 -224 304 ) 
4 106 114 (170 -224 264 ) (168 -224 264 ) (168 -112 264 ) (170 -112 264 ) 
4 106 110 (434 -224 264 ) (170 -224 264 ) (170 -56 264 ) (434 -56 264 ) 
4 106 109 (170 -56 264 ) (170 0 264 ) (432 0 264 ) (432 -56 264 ) 
4 107 248 (0 -224 304 ) (0 0 304 ) (0 0 264 ) (0 -224 264 ) 
4 107 117 (160 -224 304 ) (0 -224 304 ) (0 -224 264 ) (160 -224 264 ) 
4 107 115 (160 -224 264 ) (158 -224 264 ) (158 -112 264 ) (160 -112 264 ) 
4 107 116 (158 -224 264 ) (0 -224 264 ) (0 0 264 ) (158 0 264 ) 
4 108 109 (432 0 144 ) (432 -40 144 ) (432 -40 248 ) (432 0 248 ) 
4 109 112 (170 0 144 ) (170 -56 144 ) (170 -56 172 ) (170 0 172 ) 
4 109 111 (170 -56 188 ) (170 -56 248 ) (170 0 248 ) (170 0 188 ) 
4 109 110 (170 -56 264 ) (170 -56 144 ) (432 -56 144 ) (432 -56 264 ) 
4 110 114 (170 -112 144 ) (170 -224 144 ) (170 -224 264 ) (170 -112 264 ) 
4 110 112 (170 -56 144 ) (170 -112 144 ) (170 -112 172 ) (170 -56 172 ) 
4 110 111 (170 -96 248 ) (170 -56 248 ) (170 -56 188 ) (170 -96 188 ) 
4 111 116 (158 -96 248 ) (158 0 248 ) (158 0 188 ) (158 -96 188 ) 
4 112 114 (168 -112 144 ) (170 -112 144 ) (170 -112 172 ) (168 -112 172 ) 
4 113 115 (158 -112 172 ) (158 -112 144 ) (160 -112 144 ) (160 -112 172 ) 
4 113 116 (158 0 144 ) (158 -112 144 ) (158 -112 172 ) (158 0 172 ) 
4 115 117 (158 -224 144 ) (160 -224 144 ) (160 -224 264 ) (158 -224 264 ) 
4 115 116 (158 -112 144 ) (158 -224 144 ) (158 -224 264 ) (158 -112 264 ) 
4 116 251 (0 0 264 ) (0 0 144 ) (0 -224 144 ) (0 -224 264 ) 
4 116 124 (0 -224 144 ) (0 0 144 ) (64 0 144 ) (64 -224 144 ) 
4 116 117 (0 -224 144 ) (158 -224 144 ) (158 -224 264 ) (0 -224 264 ) 
4 117 263 (0 -232 304 ) (0 -224 304 ) (0 -224 144 ) (0 -232 144 ) 
4 117 124 (0 -232 144 ) (0 -224 144 ) (64 -224 144 ) (64 -232 144 ) 
4 117 119 (0 -232 144 ) (160 -232 144 ) (160 -232 160 ) (0 -232 160 ) 
4 117 118 (160 -232 160 ) (160 -232 304 ) (0 -232 304 ) (0 -232 160 ) 
4 118 265 (0 -880 304 ) (0 -232 304 ) (0 -232 160 ) (0 -880 160 ) 
4 118 119 (0 -768 160 ) (0 -232 160 ) (442 -232 160 ) (442 -768 160 ) 
4 119 266 (0 -768 160 ) (0 -232 160 ) (0 -232 144 ) (0 -768 144 ) 
4 119 125 (0 -768 144 ) (0 -352 144 ) (442 -352 144 ) (442 -768 144 ) 
4 119 124 (0 -352 144 ) (0 -232 144 ) (64 -232 144 ) (64 -352 144 ) 
4 120 135 (944 -320 96 ) (944 -768 96 ) (896 -768 96 ) (896 -320 96 ) 
4 120 130 (896 0 96 ) (944 0 96 ) (944 -320 96 ) (896 -320 96 ) 
4 120 122 (896 -766 96 ) (896 -768 96 ) (896 -768 144 ) (896 -766 144 ) 
4 120 121 (896 0 96 ) (896 -766 96 ) (896 -766 144 ) (896 0 144 ) 
4 121 136 (896 -320 96 ) (896 -766 96 ) (848 -766 96 ) (848 -320 96 ) 
4 121 130 (848 0 96 ) (896 0 96 ) (896 -320 96 ) (848 -320 96 ) 
4 121 123 (848 0 96 ) (848 -766 96 ) (848 -766 144 ) (848 0 144 ) 
4 121 122 (848 -766 144 ) (848 -766 96 ) (896 -766 96 ) (896 -766 144 ) 
4 122 137 (896 -766 96 ) (896 -768 96 ) (848 -768 96 ) (848 -766 96 ) 
4 122 123 (848 -766 96 ) (848 -768 96 ) (848 -768 144 ) (848 -766 144 ) 
4 123 138 (600 -768 96 ) (600 -320 96 ) (848 -320 96 ) (848 -768 96 ) 
4 123 133 (600 -320 96 ) (600 -56 96 ) (602 -56 96 ) (602 -320 96 ) 
4 123 130 (602 0 96 ) (848 0 96 ) (848 -320 96 ) (602 -320 96 ) 
4 123 128 (600 -328 96 ) (600 -768 96 ) (600 -768 136 ) (600 -328 136 ) 
4 123 125 (600 -768 136 ) (600 -768 144 ) (600 -352 144 ) (600 -352 136 ) 
4 124 268 (0 -352 144 ) (0 0 144 ) (0 0 136 ) (0 -352 136 ) 
4 124 129 (0 -352 136 ) (0 -320 136 ) (64 -320 136 ) (64 -352 136 ) 
4 124 127 (0 -320 136 ) (0 0 136 ) (64 0 136 ) (64 -320 136 ) 
4 124 125 (0 -352 136 ) (64 -352 136 ) (64 -352 144 ) (0 -352 144 ) 
4 125 268 (0 -768 144 ) (0 -352 144 ) (0 -352 136 ) (0 -768 136 ) 
4 125 128 (82 -352 136 ) (600 -352 136 ) (600 -768 136 ) (82 -768 136 ) 
4 125 129 (0 -768 136 ) (0 -352 136 ) (82 -352 136 ) (82 -768 136 ) 
4 126 146 (92 -56 96 ) (92 -206 96 ) (90 -206 96 ) (90 -56 96 ) 
4 126 140 (92 0 96 ) (204 0 96 ) (204 -318 96 ) (92 -318 96 ) 
4 126 134 (592 -56 96 ) (592 -320 96 ) (204 -320 96 ) (204 -56 96 ) 
4 126 132 (204 0 96 ) (590 0 96 ) (590 -56 96 ) (204 -56 96 ) 
4 127 270 (0 -320 136 ) (0 0 136 ) (0 0 96 ) (0 -320 96 ) 
4 127 157 (0 -320 96 ) (0 -72 96 ) (80 -72 96 ) (80 -320 96 ) 
4 127 154 (0 -72 96 ) (0 -56 96 ) (80 -56 96 ) (80 -72 96 ) 
4 127 153 (0 -56 96 ) (0 0 96 ) (80 0 96 ) (80 -56 96 ) 
4 127 151 (82 -318 96 ) (82 -320 96 ) (80 -320 96 ) (80 -318 96 ) 
4 127 147 (82 -56 96 ) (82 -206 96 ) (80 -206 96 ) (80 -56 96 ) 
4 127 129 (0 -320 96 ) (82 -320 96 ) (82 -320 136 ) (0 -320 136 ) 
4 128 152 (92 -768 96 ) (82 -768 96 ) (82 -328 96 ) (92 -328 96 ) 
4 128 144 (204 -768 96 ) (92 -768 96 ) (92 -330 96 ) (204 -330 96 ) 
4 128 139 (600 -328 96 ) (600 -768 96 ) (204 -768 96 ) (204 -328 96 ) 
4 128 129 (82 -328 96 ) (82 -768 96 ) (82 -768 136 ) (82 -328 136 ) 
4 129 273 (0 -768 136 ) (0 -328 136 ) (0 -328 96 ) (0 -768 96 ) 
4 129 272 (0 -328 136 ) (0 -320 136 ) (0 -320 96 ) (0 -328 96 ) 
4 129 157 (0 -768 96 ) (0 -320 96 ) (80 -320 96 ) (80 -768 96 ) 
4 129 152 (82 -328 96 ) (82 -768 96 ) (80 -768 96 ) (80 -328 96 ) 
4 129 151 (80 -320 96 ) (82 -320 96 ) (82 -328 96 ) (80 -328 96 ) 
4 130 136 (848 -320 -24 ) (896 -320 -24 ) (896 -320 96 ) (848 -320 96 ) 
4 130 135 (896 -320 -24 ) (944 -320 -24 ) (944 -320 96 ) (896 -320 96 ) 
4 130 138 (602 -320 -24 ) (848 -320 -24 ) (848 -320 96 ) (602 -320 96 ) 
4 130 133 (602 -56 -24 ) (602 -320 -24 ) (602 -320 96 ) (602 -56 96 ) 
4 130 131 (602 0 -24 ) (602 -40 -24 ) (602 -40 80 ) (602 0 80 ) 
4 131 132 (590 0 -24 ) (590 -40 -24 ) (590 -40 80 ) (590 0 80 ) 
4 132 140 (204 0 -24 ) (204 -56 -24 ) (204 -56 96 ) (204 0 96 ) 
4 132 134 (204 -56 96 ) (204 -56 -24 ) (590 -56 -24 ) (590 -56 96 ) 
4 133 138 (600 -320 -24 ) (602 -320 -24 ) (602 -320 96 ) (600 -320 96 ) 
4 134 142 (204 -318 -24 ) (204 -320 -24 ) (204 -320 4 ) (204 -318 4 ) 
4 134 140 (204 -56 -24 ) (204 -318 -24 ) (204 -318 96 ) (204 -56 96 ) 
4 135 137 (896 -766 -24 ) (896 -768 -24 ) (896 -768 96 ) (896 -766 96 ) 
4 135 136 (896 -320 96 ) (896 -320 -24 ) (896 -766 -24 ) (896 -766 96 ) 
4 136 138 (848 -320 96 ) (848 -320 -24 ) (848 -766 -24 ) (848 -766 96 ) 
4 136 137 (848 -766 96 ) (848 -766 -24 ) (896 -766 -24 ) (896 -766 96 ) 
4 137 138 (848 -766 -24 ) (848 -768 -24 ) (848 -768 96 ) (848 -766 96 ) 
4 138 139 (600 -328 -24 ) (600 -768 -24 ) (600 -768 96 ) (600 -328 96 ) 
4 139 144 (204 -330 -24 ) (204 -768 -24 ) (204 -768 96 ) (204 -330 96 ) 
4 139 143 (204 -328 -24 ) (204 -330 -24 ) (204 -330 4 ) (204 -328 4 ) 
4 140 149 (92 -206 -24 ) (92 -318 -24 ) (92 -318 4 ) (92 -206 4 ) 
4 140 148 (92 -222 80 ) (92 -222 20 ) (92 -302 20 ) (92 -302 80 ) 
4 140 146 (92 -56 -24 ) (92 -206 -24 ) (92 -206 96 ) (92 -56 96 ) 
4 140 145 (92 0 -24 ) (92 -40 -24 ) (92 -40 80 ) (92 0 80 ) 
4 140 142 (92 -318 4 ) (92 -318 -24 ) (204 -318 -24 ) (204 -318 4 ) 
4 140 141 (108 -318 20 ) (188 -318 20 ) (188 -318 80 ) (108 -318 80 ) 
4 141 144 (108 -330 20 ) (188 -330 20 ) (188 -330 80 ) (108 -330 80 ) 
4 143 152 (92 -328 -24 ) (92 -330 -24 ) (92 -330 4 ) (92 -328 4 ) 
4 143 144 (92 -330 4 ) (92 -330 -24 ) (204 -330 -24 ) (204 -330 4 ) 
4 144 152 (92 -330 -24 ) (92 -768 -24 ) (92 -768 96 ) (92 -330 96 ) 
4 145 153 (80 0 -24 ) (80 -40 -24 ) (80 -40 80 ) (80 0 80 ) 
4 146 149 (90 -206 -24 ) (92 -206 -24 ) (92 -206 4 ) (90 -206 4 ) 
4 147 157 (80 -72 -24 ) (80 -206 -24 ) (80 -206 96 ) (80 -72 96 ) 
3 147 156 (80 -72 -10.285698 ) (80 -72 -8 ) (80 -66.666710 -8 ) 
3 147 155 (80 -61.333302 -8 ) (80 -56 -8 ) (80 -56 -10.285700 ) 
4 147 154 (80 -72 -8 ) (80 -72 96 ) (80 -56 96 ) (80 -56 -8 ) 
4 147 150 (80 -206 4 ) (80 -206 -24 ) (82 -206 -24 ) (82 -206 4 ) 
4 148 157 (80 -222 80 ) (80 -222 20 ) (80 -302 20 ) (80 -302 80 ) 
4 150 157 (80 -206 -24 ) (80 -318 -24 ) (80 -318 4 ) (80 -206 4 ) 
4 150 151 (80 -318 4 ) (80 -318 -24 ) (82 -318 -24 ) (82 -318 4 ) 
4 151 157 (80 -318 -24 ) (80 -328 -24 ) (80 -328 96 ) (80 -318 96 ) 
4 151 152 (80 -328 96 ) (80 -328 -24 ) (82 -328 -24 ) (82 -328 96 ) 
4 152 157 (80 -328 -24 ) (80 -768 -24 ) (80 -768 96 ) (80 -328 96 ) 
4 153 282 (0 -56 96 ) (0 0 96 ) (0 0 -24 ) (0 -56 -24 ) 
4 153 158 (0 -56 -24 ) (0 -4 -24 ) (76 -4 -24 ) (76 -56 -24 ) 
4 153 155 (80 -56 -10.285700 ) (80 -56 -8 ) (0 -56 -8 ) (0 -56 -10.285700 ) 
4 153 154 (80 -56 -8 ) (80 -56 96 ) (0 -56 96 ) (0 -56 -8 ) 
4 154 283 (0 -72 96 ) (0 -56 96 ) (0 -56 -8 ) (0 -72 -8 ) 
4 154 157 (80 -72 -8 ) (80 -72 96 ) (0 -72 96 ) (0 -72 -8 ) 
4 154 156 (80 -72 -8 ) (0 -72 -8 ) (0 -66.666710 -8 ) (80 -66.666710 -8 ) 
4 154 155 (0 -61.333302 -8 ) (0 -56 -8 ) (80 -56 -8 ) (80 -61.333302 -8 ) 
3 155 284 (0 -56 -8 ) (0 -56 -10.285700 ) (0 -61.333302 -8 ) 
3 156 285 (0 -72 -10.285698 ) (0 -72 -8 ) (0 -66.666710 -8 ) 
4 156 157 (80 -72 -10.285698 ) (80 -72 -8 ) (0 -72 -8 ) (0 -72 -10.285698 ) 
4 157 286 (0 -768 96 ) (0 -72 96 ) (0 -72 -24 ) (0 -768 -24 ) 
4 157 159 (0 -768 -24 ) (0 -72 -24 ) (80 -72 -24 ) (80 -768 -24 ) 
4 158 317 (0 -56 -24 ) (0 -4 -24 ) (0 -4 -32 ) (0 -56 -32 ) 
4 158 160 (76 -56 -32 ) (0 -56 -32 ) (0 -4 -32 ) (76 -4 -32 ) 
4 159 319 (0 -768 -24 ) (0 -72 -24 ) (0 -60 -32 ) (0 -768 -32 ) 
4 159 160 (80 -60 -32 ) (80 -768 -32 ) (0 -768 -32 ) (0 -60 -32 ) 
4 160 320 (0 -56 -4064 ) (0 -768 -4064 ) (0 -768 -32 ) (0 -56 -32 ) 
4 160 316 (0 0 -32 ) (0 0 -4064 ) (0 -4 -4064 ) (0 -4 -32 ) 
4 160 317 (0 -4 -4064 ) (0 -56 -4064 ) (0 -56 -32 ) (0 -4 -32 ) 
4 161 244 (-442 0 1008 ) (-510 0 1008 ) (-510 0 312 ) (-442 0 312 ) 
4 161 247 (-510 0 1008 ) (-1024 0 1008 ) (-1024 0 312 ) (-510 0 312 ) 
4 161 242 (-160 0 1008 ) (-442 0 1008 ) (-442 0 312 ) (-160 0 312 ) 
4 161 241 (0 0 312 ) (0 0 1008 ) (-160 0 1008 ) (-160 0 312 ) 
4 161 240 (-1024 0 312 ) (-1024 0 1008 ) (-1024 880 1008 ) (-1024 880 312 ) 
4 161 198 (-1024 0 312 ) (-1024 164 312 ) (-944 164 312 ) (-944 0 312 ) 
4 161 197 (-944 164 312 ) (-510 164 312 ) (-510 0 312 ) (-944 0 312 ) 
3 161 195 (-510 72 312 ) (-510 96 312 ) (-486 96 312 ) 
4 161 194 (-510 164 312 ) (-444 164 312 ) (-444 96 312 ) (-510 96 312 ) 
4 161 190 (-442 116 312 ) (-442 96 312 ) (-444 96 312 ) (-444 116 312 ) 
4 161 189 (-444 164 312 ) (-442 164 312 ) (-442 116 312 ) (-444 116 312 ) 
4 161 188 (-1024 164 312 ) (-1024 880 312 ) (-944 880 312 ) (-944 164 312 ) 
4 161 184 (-896 766 312 ) (-896 768 312 ) (-848 768 312 ) (-848 766 312 ) 
4 161 186 (-848 164 312 ) (-896 164 312 ) (-896 766 312 ) (-848 766 312 ) 
4 161 183 (-496 164 312 ) (-848 164 312 ) (-848 768 312 ) (-496 768 312 ) 
4 161 187 (-896 164 312 ) (-944 164 312 ) (-944 768 312 ) (-896 768 312 ) 
3 161 182 (-442 250 312 ) (-442 232 312 ) (-478 222 312 ) 
3 161 181 (-442 164 312 ) (-465.142822 164 312 ) (-478 174 312 ) 
4 161 180 (-442 768 312 ) (-442 250 312 ) (-496 208 312 ) (-496 768 312 ) 
3 161 179 (-465.142822 164 312 ) (-496 164 312 ) (-496 188 312 ) 
4 161 178 (-944 880 312 ) (-442 880 312 ) (-442 768 312 ) (-944 768 312 ) 
4 161 163 (-442 880 312 ) (-160 880 312 ) (-160 232 312 ) (-442 232 312 ) 
4 161 162 (-160 880 312 ) (0 880 312 ) (0 0 312 ) (-160 0 312 ) 
4 162 241 (0 0 304 ) (0 0 312 ) (-160 0 312 ) (-160 0 304 ) 
4 162 167 (0 224 304 ) (0 0 304 ) (-160 0 304 ) (-160 224 304 ) 
4 162 166 (0 232 304 ) (0 224 304 ) (-160 224 304 ) (-160 232 304 ) 
4 162 164 (-160 880 304 ) (0 880 304 ) (0 232 304 ) (-160 232 304 ) 
4 162 163 (-160 880 312 ) (-160 880 304 ) (-160 232 304 ) (-160 232 312 ) 
4 163 182 (-442 232 312 ) (-442 250 312 ) (-442 250 304 ) (-442 232 304 ) 
4 163 180 (-442 250 312 ) (-442 768 312 ) (-442 768 304 ) (-442 250 304 ) 
4 163 178 (-442 768 312 ) (-442 880 312 ) (-442 880 304 ) (-442 768 304 ) 
4 163 164 (-442 232 304 ) (-442 880 304 ) (-160 880 304 ) (-160 232 304 ) 
4 164 182 (-442 232 160 ) (-442 232 304 ) (-442 250 304 ) (-442 250 160 ) 
4 164 180 (-442 250 304 ) (-442 768 304 ) (-442 768 160 ) (-442 250 160 ) 
4 164 178 (-442 768 304 ) (-442 880 304 ) (-442 880 160 ) (-442 768 160 ) 
4 164 166 (0 232 304 ) (-160 232 304 ) (-160 232 160 ) (0 232 160 ) 
4 164 165 (0 232 160 ) (-442 232 160 ) (-442 768 160 ) (0 768 160 ) 
4 165 200 (-64 352 144 ) (0 352 144 ) (0 232 144 ) (-64 232 144 ) 
4 165 199 (-442 352 144 ) (-442 768 144 ) (0 768 144 ) (0 352 144 ) 
4 165 182 (-442 250 144 ) (-442 232 144 ) (-442 232 160 ) (-442 250 160 ) 
4 165 180 (-442 768 144 ) (-442 250 144 ) (-442 250 160 ) (-442 768 160 ) 
4 165 166 (-160 232 144 ) (0 232 144 ) (0 232 160 ) (-160 232 160 ) 
4 166 200 (-64 232 144 ) (0 232 144 ) (0 224 144 ) (-64 224 144 ) 
4 166 170 (-160 224 264 ) (-160 224 144 ) (-158 224 144 ) (-158 224 264 ) 
4 166 169 (-158 224 144 ) (0 224 144 ) (0 224 264 ) (-158 224 264 ) 
4 166 167 (0 224 304 ) (-160 224 304 ) (-160 224 264 ) (0 224 264 ) 
4 167 248 (0 0 264 ) (0 0 304 ) (-160 0 304 ) (-160 0 264 ) 
4 167 170 (-160 224 264 ) (-158 224 264 ) (-158 112 264 ) (-160 112 264 ) 
4 167 169 (-158 224 264 ) (0 224 264 ) (0 0 264 ) (-158 0 264 ) 
4 168 249 (-168 0 304 ) (-434 0 304 ) (-434 0 264 ) (-168 0 264 ) 
4 168 176 (-170 56 264 ) (-170 0 264 ) (-432 0 264 ) (-432 56 264 ) 
4 168 175 (-434 224 264 ) (-170 224 264 ) (-170 56 264 ) (-434 56 264 ) 
4 168 171 (-170 224 264 ) (-168 224 264 ) (-168 112 264 ) (-170 112 264 ) 
4 169 251 (0 0 144 ) (0 0 264 ) (-158 0 264 ) (-158 0 144 ) 
4 169 200 (0 0 144 ) (-64 0 144 ) (-64 224 144 ) (0 224 144 ) 
4 169 173 (-158 112 172 ) (-158 112 144 ) (-158 0 144 ) (-158 0 172 ) 
4 169 172 (-158 96 188 ) (-158 0 188 ) (-158 0 248 ) (-158 96 248 ) 
4 169 170 (-158 112 264 ) (-158 224 264 ) (-158 224 144 ) (-158 112 144 ) 
4 170 173 (-160 112 144 ) (-158 112 144 ) (-158 112 172 ) (-160 112 172 ) 
4 171 175 (-170 112 264 ) (-170 224 264 ) (-170 224 144 ) (-170 112 144 ) 
4 171 174 (-170 112 172 ) (-170 112 144 ) (-168 112 144 ) (-168 112 172 ) 
4 172 252 (-170 0 248 ) (-170 0 188 ) (-158 0 188 ) (-158 0 248 ) 
4 172 176 (-170 56 188 ) (-170 0 188 ) (-170 0 248 ) (-170 56 248 ) 
4 172 175 (-170 96 188 ) (-170 56 188 ) (-170 56 248 ) (-170 96 248 ) 
4 173 255 (-160 0 144 ) (-158 0 144 ) (-158 0 172 ) (-160 0 172 ) 
4 174 256 (-170 0 172 ) (-170 0 144 ) (-168 0 144 ) (-168 0 172 ) 
4 174 176 (-170 56 144 ) (-170 0 144 ) (-170 0 172 ) (-170 56 172 ) 
4 174 175 (-170 112 172 ) (-170 112 144 ) (-170 56 144 ) (-170 56 172 ) 
4 175 176 (-170 56 144 ) (-170 56 264 ) (-432 56 264 ) (-432 56 144 ) 
4 176 257 (-170 0 264 ) (-432 0 264 ) (-432 0 144 ) (-170 0 144 ) 
4 176 177 (-432 40 144 ) (-432 0 144 ) (-432 0 248 ) (-432 40 248 ) 
4 177 258 (-442 0 248 ) (-442 0 144 ) (-432 0 144 ) (-432 0 248 ) 
4 177 193 (-442 40 144 ) (-442 0 144 ) (-442 0 248 ) (-442 40 248 ) 
4 178 188 (-944 768 160 ) (-944 768 312 ) (-944 880 312 ) (-944 880 160 ) 
4 178 184 (-896 768 160 ) (-848 768 160 ) (-848 768 312 ) (-896 768 312 ) 
4 178 183 (-848 768 160 ) (-496 768 160 ) (-496 768 312 ) (-848 768 312 ) 
4 178 187 (-944 768 312 ) (-944 768 160 ) (-896 768 160 ) (-896 768 312 ) 
4 178 180 (-496 768 160 ) (-442 768 160 ) (-442 768 312 ) (-496 768 312 ) 
4 179 194 (-496 164 144 ) (-465.142822 164 144 ) (-465.142822 164 312 ) (-496 164 312 ) 
4 179 183 (-496 188 144 ) (-496 164 144 ) (-496 164 312 ) (-496 188 312 ) 
4 179 181 (-465.141754 164 312 ) (-465.141754 164 144 ) (-477.998993 174 144 ) (-477.998993 174 312 ) 
4 180 199 (-442 768 144 ) (-442 352 144 ) (-496 352 144 ) (-496 768 144 ) 
4 180 183 (-496 768 312 ) (-496 768 144 ) (-496 208 144 ) (-496 208 312 ) 
4 180 182 (-478.002563 222 144 ) (-442 250.001282 144 ) (-442 250.001282 312 ) (-478.002563 222 312 ) 
4 181 194 (-465.142822 164 144 ) (-444 164 144 ) (-444 164 312 ) (-465.142822 164 312 ) 
4 181 189 (-444 164 144 ) (-442 164 144 ) (-442 164 312 ) (-444 164 312 ) 
4 183 205 (-600 164 144 ) (-848 164 144 ) (-848 768 144 ) (-600 768 144 ) 
4 183 199 (-600 352 144 ) (-600 768 144 ) (-496 768 144 ) (-496 352 144 ) 
4 183 197 (-848 164 144 ) (-510 164 144 ) (-510 164 312 ) (-848 164 312 ) 
4 183 194 (-510 164 144 ) (-496 164 144 ) (-496 164 312 ) (-510 164 312 ) 
4 183 185 (-848 768 160 ) (-848 768 144 ) (-848 766 144 ) (-848 766 160 ) 
4 183 184 (-848 768 312 ) (-848 768 160 ) (-848 766 160 ) (-848 766 312 ) 
4 183 186 (-848 766 144 ) (-848 164 144 ) (-848 164 312 ) (-848 766 312 ) 
4 184 186 (-896 766 312 ) (-896 766 160 ) (-848 766 160 ) (-848 766 312 ) 
4 184 187 (-896 768 312 ) (-896 768 160 ) (-896 766 160 ) (-896 766 312 ) 
4 184 185 (-848 766 160 ) (-896 766 160 ) (-896 768 160 ) (-848 768 160 ) 
4 185 206 (-896 766 144 ) (-896 768 144 ) (-848 768 144 ) (-848 766 144 ) 
4 185 186 (-896 766 160 ) (-896 766 144 ) (-848 766 144 ) (-848 766 160 ) 
4 185 187 (-896 768 160 ) (-896 768 144 ) (-896 766 144 ) (-896 766 160 ) 
4 186 207 (-848 164 144 ) (-896 164 144 ) (-896 766 144 ) (-848 766 144 ) 
4 186 197 (-896 164 144 ) (-848 164 144 ) (-848 164 312 ) (-896 164 312 ) 
4 186 187 (-896 766 144 ) (-896 164 144 ) (-896 164 312 ) (-896 766 312 ) 
4 187 208 (-896 164 144 ) (-944 164 144 ) (-944 768 144 ) (-896 768 144 ) 
4 187 197 (-944 164 144 ) (-896 164 144 ) (-896 164 312 ) (-944 164 312 ) 
4 187 188 (-944 164 160 ) (-944 164 312 ) (-944 768 312 ) (-944 768 160 ) 
4 188 240 (-1024 164 312 ) (-1024 880 312 ) (-1024 880 160 ) (-1024 164 160 ) 
4 188 198 (-944 164 160 ) (-944 164 312 ) (-1024 164 312 ) (-1024 164 160 ) 
4 189 194 (-444 164 312 ) (-444 164 144 ) (-444 116 144 ) (-444 116 312 ) 
4 189 192 (-444 116 264 ) (-444 116 144 ) (-442 116 144 ) (-442 116 264 ) 
4 189 190 (-444 116 312 ) (-444 116 264 ) (-442 116 264 ) (-442 116 312 ) 
4 190 194 (-444 96 312 ) (-444 116 312 ) (-444 116 264 ) (-444 96 264 ) 
4 190 192 (-444 96 264 ) (-444 116 264 ) (-442 116 264 ) (-442 96 264 ) 
4 190 191 (-444 96 304 ) (-444 96 264 ) (-442 96 264 ) (-442 96 304 ) 
4 191 250 (-444 0 304 ) (-444 0 264 ) (-442 0 264 ) (-442 0 304 ) 
4 191 196 (-444 0 264 ) (-444 0 304 ) (-444 96 304 ) (-444 96 264 ) 
4 191 192 (-444 56 264 ) (-444 96 264 ) (-442 96 264 ) (-442 56 264 ) 
4 192 196 (-444 96 144 ) (-444 56 144 ) (-444 56 264 ) (-444 96 264 ) 
4 192 194 (-444 116 144 ) (-444 96 144 ) (-444 96 264 ) (-444 116 264 ) 
4 193 258 (-444 0 248 ) (-444 0 144 ) (-442 0 144 ) (-442 0 248 ) 
4 193 196 (-444 40 144 ) (-444 0 144 ) (-444 0 248 ) (-444 40 248 ) 
4 194 197 (-510 164 312 ) (-510 164 144 ) (-510 96 144 ) (-510 96 312 ) 
4 194 195 (-510 96 312 ) (-510 96 304 ) (-486 96 304 ) (-486 96 312 ) 
4 194 196 (-510 96 304 ) (-510 96 144 ) (-444 96 144 ) (-444 96 304 ) 
4 195 197 (-510 72 312 ) (-510 96 312 ) (-510 96 304 ) (-510 72 304 ) 
3 195 196 (-510 72 304 ) (-510 96 304 ) (-486 96 304 ) 
4 196 261 (-510 0 264 ) (-510 0 144 ) (-444 0 144 ) (-444 0 264 ) 
4 196 250 (-510 0 304 ) (-510 0 264 ) (-444 0 264 ) (-444 0 304 ) 
4 196 197 (-510 96 144 ) (-510 0 144 ) (-510 0 304 ) (-510 96 304 ) 
4 197 261 (-944 0 264 ) (-944 0 144 ) (-510 0 144 ) (-510 0 264 ) 
4 197 250 (-944 0 304 ) (-944 0 264 ) (-510 0 264 ) (-510 0 304 ) 
4 197 247 (-510 0 312 ) (-944 0 312 ) (-944 0 304 ) (-510 0 304 ) 
4 197 207 (-848 0 144 ) (-896 0 144 ) (-896 164 144 ) (-848 164 144 ) 
4 197 205 (-600 0 144 ) (-848 0 144 ) (-848 164 144 ) (-600 164 144 ) 
4 197 208 (-896 0 144 ) (-944 0 144 ) (-944 164 144 ) (-896 164 144 ) 
4 197 198 (-944 164 312 ) (-944 164 160 ) (-944 0 160 ) (-944 0 312 ) 
4 198 262 (-1024 0 264 ) (-1024 0 160 ) (-944 0 160 ) (-944 0 264 ) 
4 198 250 (-1024 0 304 ) (-1024 0 264 ) (-944 0 264 ) (-944 0 304 ) 
4 198 247 (-944 0 312 ) (-1024 0 312 ) (-1024 0 304 ) (-944 0 304 ) 
4 198 240 (-1024 0 160 ) (-1024 0 312 ) (-1024 164 312 ) (-1024 164 160 ) 
4 199 205 (-600 352 144 ) (-600 768 144 ) (-600 768 136 ) (-600 352 136 ) 
4 199 202 (-600 352 136 ) (-600 768 136 ) (-82 768 136 ) (-82 352 136 ) 
4 199 201 (-82 768 136 ) (0 768 136 ) (0 352 136 ) (-82 352 136 ) 
4 199 200 (-64 352 136 ) (0 352 136 ) (0 352 144 ) (-64 352 144 ) 
4 200 268 (0 0 136 ) (0 0 144 ) (-64 0 144 ) (-64 0 136 ) 
4 200 203 (0 0 136 ) (-64 0 136 ) (-64 320 136 ) (0 320 136 ) 
4 200 201 (-64 320 136 ) (-64 352 136 ) (0 352 136 ) (0 320 136 ) 
4 201 215 (-80 320 96 ) (-82 320 96 ) (-82 328 96 ) (-80 328 96 ) 
4 201 214 (-82 328 96 ) (-82 768 96 ) (-80 768 96 ) (-80 328 96 ) 
4 201 209 (0 768 96 ) (0 320 96 ) (-80 320 96 ) (-80 768 96 ) 
4 201 203 (0 320 136 ) (-82 320 136 ) (-82 320 96 ) (0 320 96 ) 
4 201 202 (-82 768 136 ) (-82 768 96 ) (-82 328 96 ) (-82 328 136 ) 
4 202 227 (-600 328 96 ) (-600 768 96 ) (-204 768 96 ) (-204 328 96 ) 
4 202 222 (-204 768 96 ) (-92 768 96 ) (-92 330 96 ) (-204 330 96 ) 
4 202 214 (-92 768 96 ) (-82 768 96 ) (-82 328 96 ) (-92 328 96 ) 
4 202 205 (-600 768 96 ) (-600 328 96 ) (-600 328 136 ) (-600 768 136 ) 
4 203 270 (0 0 96 ) (0 0 136 ) (-82 0 136 ) (-82 0 96 ) 
4 203 219 (-82 56 96 ) (-82 206 96 ) (-80 206 96 ) (-80 56 96 ) 
4 203 215 (-82 318 96 ) (-82 320 96 ) (-80 320 96 ) (-80 318 96 ) 
4 203 210 (0 72 96 ) (0 56 96 ) (-80 56 96 ) (-80 72 96 ) 
4 203 213 (0 56 96 ) (0 0 96 ) (-80 0 96 ) (-80 56 96 ) 
4 203 209 (0 320 96 ) (0 72 96 ) (-80 72 96 ) (-80 320 96 ) 
4 204 271 (-90 0 136 ) (-592 0 136 ) (-592 0 96 ) (-90 0 96 ) 
4 204 234 (-204 0 96 ) (-590 0 96 ) (-590 56 96 ) (-204 56 96 ) 
4 204 232 (-592 56 96 ) (-592 320 96 ) (-204 320 96 ) (-204 56 96 ) 
4 204 224 (-92 0 96 ) (-204 0 96 ) (-204 318 96 ) (-92 318 96 ) 
4 204 220 (-92 56 96 ) (-92 206 96 ) (-90 206 96 ) (-90 56 96 ) 
4 205 275 (-600 0 144 ) (-672 0 144 ) (-672 0 96 ) (-600 0 96 ) 
4 205 276 (-672 0 144 ) (-848 0 144 ) (-848 0 96 ) (-672 0 96 ) 
4 205 236 (-602 0 96 ) (-848 0 96 ) (-848 320 96 ) (-602 320 96 ) 
4 205 233 (-600 320 96 ) (-600 56 96 ) (-602 56 96 ) (-602 320 96 ) 
4 205 228 (-600 768 96 ) (-600 320 96 ) (-848 320 96 ) (-848 768 96 ) 
4 205 207 (-848 766 96 ) (-848 0 96 ) (-848 0 144 ) (-848 766 144 ) 
4 205 206 (-848 768 144 ) (-848 768 96 ) (-848 766 96 ) (-848 766 144 ) 
4 206 229 (-896 766 96 ) (-896 768 96 ) (-848 768 96 ) (-848 766 96 ) 
4 206 208 (-896 768 144 ) (-896 768 96 ) (-896 766 96 ) (-896 766 144 ) 
4 206 207 (-896 766 144 ) (-896 766 96 ) (-848 766 96 ) (-848 766 144 ) 
4 207 276 (-848 0 144 ) (-896 0 144 ) (-896 0 96 ) (-848 0 96 ) 
4 207 236 (-848 0 96 ) (-896 0 96 ) (-896 320 96 ) (-848 320 96 ) 
4 207 230 (-896 320 96 ) (-896 766 96 ) (-848 766 96 ) (-848 320 96 ) 
4 207 208 (-896 766 96 ) (-896 0 96 ) (-896 0 144 ) (-896 766 144 ) 
4 208 276 (-896 0 144 ) (-944 0 144 ) (-944 0 96 ) (-896 0 96 ) 
4 208 236 (-896 0 96 ) (-944 0 96 ) (-944 320 96 ) (-896 320 96 ) 
4 208 231 (-944 320 96 ) (-944 768 96 ) (-896 768 96 ) (-896 320 96 ) 
4 209 237 (-80 72 -24 ) (-80 768 -24 ) (0 768 -24 ) (0 72 -24 ) 
4 209 219 (-80 206 -24 ) (-80 72 -24 ) (-80 72 96 ) (-80 206 96 ) 
4 209 217 (-80 318 -24 ) (-80 206 -24 ) (-80 206 4 ) (-80 318 4 ) 
4 209 216 (-80 302 80 ) (-80 302 20 ) (-80 222 20 ) (-80 222 80 ) 
4 209 215 (-80 328 -24 ) (-80 318 -24 ) (-80 318 96 ) (-80 328 96 ) 
4 209 214 (-80 768 -24 ) (-80 328 -24 ) (-80 328 96 ) (-80 768 96 ) 
4 209 212 (-80 72 -10 ) (-80 72 -12 ) (0 72 -12 ) (0 72 -10 ) 
4 209 210 (-80 72 96 ) (-80 72 -10 ) (0 72 -10 ) (0 72 96 ) 
4 210 219 (-80 56 -10 ) (-80 56 96 ) (-80 72 96 ) (-80 72 -10 ) 
4 210 212 (-80 66.666702 -10 ) (-80 72 -10 ) (0 72 -10 ) (0 66.666702 -10 ) 
4 210 211 (0 56 -10 ) (-80 56 -10 ) (-80 61.333302 -10 ) (0 61.333302 -10 ) 
4 210 213 (-80 56 96 ) (-80 56 -10 ) (0 56 -10 ) (0 56 96 ) 
3 211 219 (-80 56 -12 ) (-80 56 -10 ) (-80 61.333302 -10 ) 
4 211 213 (-80 56 -10 ) (-80 56 -12 ) (0 56 -12 ) (0 56 -10 ) 
3 212 219 (-80 66.666702 -10 ) (-80 72 -10 ) (-80 72 -12 ) 
4 213 282 (0 0 -24 ) (0 0 96 ) (-80 0 96 ) (-80 0 -24 ) 
4 213 238 (-76 4 -24 ) (-76 56 -24 ) (0 56 -24 ) (0 4 -24 ) 
4 213 221 (-80 40 -24 ) (-80 0 -24 ) (-80 0 80 ) (-80 40 80 ) 
4 214 225 (-92 330 -24 ) (-92 328 -24 ) (-92 328 4 ) (-92 330 4 ) 
4 214 222 (-92 768 -24 ) (-92 330 -24 ) (-92 330 96 ) (-92 768 96 ) 
4 214 215 (-82 328 -24 ) (-80 328 -24 ) (-80 328 96 ) (-82 328 96 ) 
4 215 217 (-82 318 -24 ) (-80 318 -24 ) (-80 318 4 ) (-82 318 4 ) 
4 216 224 (-92 302 80 ) (-92 302 20 ) (-92 222 20 ) (-92 222 80 ) 
4 217 219 (-82 206 -24 ) (-80 206 -24 ) (-80 206 4 ) (-82 206 4 ) 
4 218 226 (-92 318 -24 ) (-92 206 -24 ) (-92 206 4 ) (-92 318 4 ) 
4 218 220 (-92 206 4 ) (-92 206 -24 ) (-90 206 -24 ) (-90 206 4 ) 
4 220 226 (-92 206 -24 ) (-92 56 -24 ) (-92 56 4 ) (-92 206 4 ) 
4 220 224 (-92 56 4 ) (-92 56 96 ) (-92 206 96 ) (-92 206 4 ) 
4 221 287 (-92 0 80 ) (-92 0 -24 ) (-80 0 -24 ) (-80 0 80 ) 
4 221 226 (-92 40 -24 ) (-92 0 -24 ) (-92 0 4 ) (-92 40 4 ) 
4 221 224 (-92 0 4 ) (-92 0 80 ) (-92 40 80 ) (-92 40 4 ) 
4 222 227 (-204 768 -24 ) (-204 330 -24 ) (-204 330 96 ) (-204 768 96 ) 
4 222 225 (-204 330 4 ) (-204 330 -24 ) (-92 330 -24 ) (-92 330 4 ) 
4 222 223 (-188 330 20 ) (-108 330 20 ) (-108 330 80 ) (-188 330 80 ) 
4 223 224 (-188 318 20 ) (-108 318 20 ) (-108 318 80 ) (-188 318 80 ) 
4 224 295 (-92 0 96 ) (-204 0 96 ) (-204 0 4 ) (-92 0 4 ) 
4 224 234 (-204 0 4 ) (-204 0 96 ) (-204 56 96 ) (-204 56 4 ) 
4 224 232 (-204 56 96 ) (-204 318 96 ) (-204 318 4 ) (-204 56 4 ) 
4 224 226 (-204 0 4 ) (-204 318 4 ) (-92 318 4 ) (-92 0 4 ) 
4 225 227 (-204 330 -24 ) (-204 328 -24 ) (-204 328 4 ) (-204 330 4 ) 
4 226 297 (-204 0 4 ) (-204 0 -24 ) (-92 0 -24 ) (-92 0 4 ) 
4 226 234 (-204 56 -24 ) (-204 0 -24 ) (-204 0 4 ) (-204 56 4 ) 
4 226 232 (-204 320 -24 ) (-204 56 -24 ) (-204 56 4 ) (-204 320 4 ) 
4 227 228 (-600 768 96 ) (-600 768 -24 ) (-600 328 -24 ) (-600 328 96 ) 
4 228 236 (-848 320 -24 ) (-602 320 -24 ) (-602 320 96 ) (-848 320 96 ) 
4 228 233 (-602 320 -24 ) (-600 320 -24 ) (-600 320 96 ) (-602 320 96 ) 
4 228 230 (-848 766 -24 ) (-848 320 -24 ) (-848 320 96 ) (-848 766 96 ) 
4 228 229 (-848 768 96 ) (-848 768 -24 ) (-848 766 -24 ) (-848 766 96 ) 
4 229 231 (-896 768 96 ) (-896 768 -24 ) (-896 766 -24 ) (-896 766 96 ) 
4 229 230 (-896 766 96 ) (-896 766 -24 ) (-848 766 -24 ) (-848 766 96 ) 
4 230 236 (-896 320 -24 ) (-848 320 -24 ) (-848 320 96 ) (-896 320 96 ) 
4 230 231 (-896 766 -24 ) (-896 320 -24 ) (-896 320 96 ) (-896 766 96 ) 
4 231 236 (-944 320 -24 ) (-896 320 -24 ) (-896 320 96 ) (-944 320 96 ) 
4 232 234 (-590 56 -24 ) (-204 56 -24 ) (-204 56 96 ) (-590 56 96 ) 
4 233 236 (-602 320 96 ) (-602 320 -24 ) (-602 56 -24 ) (-602 56 96 ) 
4 234 300 (-204 0 96 ) (-590 0 96 ) (-590 0 -24 ) (-204 0 -24 ) 
4 234 235 (-590 40 -24 ) (-590 0 -24 ) (-590 0 80 ) (-590 40 80 ) 
4 235 304 (-602 0 80 ) (-602 0 -24 ) (-600 0 -24 ) (-600 0 80 ) 
4 235 301 (-600 0 -24 ) (-590 0 -24 ) (-590 0 80 ) (-600 0 80 ) 
4 235 236 (-602 40 -24 ) (-602 0 -24 ) (-602 0 80 ) (-602 40 80 ) 
4 236 305 (-602 0 96 ) (-944 0 96 ) (-944 0 -24 ) (-602 0 -24 ) 
4 237 239 (-80 60 -32 ) (-80 768 -32 ) (0 768 -32 ) (0 60 -32 ) 
4 238 239 (-76 56 -32 ) (0 56 -32 ) (0 4 -32 ) (-76 4 -32 ) 
4 239 318 (-76 0 -32 ) (-80 0 -32 ) (-80 0 -4064 ) (-76 0 -4064 ) 
4 239 316 (0 0 -4064 ) (0 0 -32 ) (-76 0 -32 ) (-76 0 -4064 ) 
4 240 321 (-1024 0 160 ) (-1024 0 1008 ) (-1056 0 1008 ) (-1056 0 160 ) 
4 241 265 (0 -232 304 ) (0 -880 304 ) (-160 -880 304 ) (-160 -232 304 ) 
4 241 263 (0 -224 304 ) (0 -232 304 ) (-160 -232 304 ) (-160 -224 304 ) 
4 241 248 (-160 0 304 ) (0 0 304 ) (0 -224 304 ) (-160 -224 304 ) 
4 241 242 (-160 -232 312 ) (-160 -232 1008 ) (-160 0 1008 ) (-160 0 312 ) 
4 241 243 (-160 -232 304 ) (-160 -880 304 ) (-160 -880 1008 ) (-160 -232 1008 ) 
4 242 244 (-442 -232 312 ) (-442 -232 1008 ) (-442 0 1008 ) (-442 0 312 ) 
4 242 243 (-442 -232 1008 ) (-442 -232 312 ) (-160 -232 312 ) (-160 -232 1008 ) 
4 243 265 (-160 -232 304 ) (-160 -880 304 ) (-442 -880 304 ) (-442 -232 304 ) 
4 243 246 (-442 -232 304 ) (-442 -880 304 ) (-442 -880 1008 ) (-442 -232 1008 ) 
3 244 245 (-486 -232 312 ) (-510 -232 312 ) (-510 -208 312 ) 
4 244 246 (-510 -232 1008 ) (-510 -232 312 ) (-442 -232 312 ) (-442 -232 1008 ) 
4 244 247 (-510 -232 312 ) (-510 -232 1008 ) (-510 0 1008 ) (-510 0 312 ) 
4 245 264 (-486 -232 304 ) (-510 -232 304 ) (-510 -224 304 ) (-494 -224 304 ) 
3 245 250 (-510 -224 304 ) (-510 -208 304 ) (-494 -224 304 ) 
4 245 247 (-510 -208 304 ) (-510 -232 304 ) (-510 -232 312 ) (-510 -208 312 ) 
4 245 246 (-510 -232 312 ) (-510 -232 304 ) (-486 -232 304 ) (-486 -232 312 ) 
4 246 265 (-442 -232 304 ) (-442 -880 304 ) (-510 -880 304 ) (-510 -232 304 ) 
4 246 247 (-510 -232 304 ) (-510 -880 304 ) (-510 -880 1008 ) (-510 -232 1008 ) 
4 247 321 (-1024 0 1008 ) (-1024 0 304 ) (-1024 -880 304 ) (-1024 -880 1008 ) 
4 247 267 (-1024 -880 304 ) (-1024 -224 304 ) (-944 -224 304 ) (-944 -880 304 ) 
4 247 265 (-510 -232 304 ) (-510 -880 304 ) (-944 -880 304 ) (-944 -232 304 ) 
4 247 264 (-944 -224 304 ) (-510 -224 304 ) (-510 -232 304 ) (-944 -232 304 ) 
4 247 250 (-1024 -224 304 ) (-1024 0 304 ) (-510 0 304 ) (-510 -224 304 ) 
4 248 263 (0 -224 264 ) (0 -224 304 ) (-160 -224 304 ) (-160 -224 264 ) 
4 248 253 (-158 -224 264 ) (-160 -224 264 ) (-160 -112 264 ) (-158 -112 264 ) 
4 248 251 (0 -224 264 ) (-158 -224 264 ) (-158 0 264 ) (0 0 264 ) 
4 249 259 (-170 -224 264 ) (-434 -224 264 ) (-434 -56 264 ) (-170 -56 264 ) 
4 249 257 (-432 0 264 ) (-170 0 264 ) (-170 -56 264 ) (-432 -56 264 ) 
4 249 254 (-168 -224 264 ) (-170 -224 264 ) (-170 -112 264 ) (-168 -112 264 ) 
4 250 321 (-1024 0 304 ) (-1024 0 264 ) (-1024 -224 264 ) (-1024 -224 304 ) 
4 250 267 (-944 -224 304 ) (-1024 -224 304 ) (-1024 -224 264 ) (-944 -224 264 ) 
4 250 264 (-442 -224 304 ) (-944 -224 304 ) (-944 -224 264 ) (-442 -224 264 ) 
4 250 262 (-944 -224 264 ) (-1024 -224 264 ) (-1024 0 264 ) (-944 0 264 ) 
4 250 261 (-444 -224 264 ) (-944 -224 264 ) (-944 0 264 ) (-444 0 264 ) 
4 250 260 (-442 -224 264 ) (-444 -224 264 ) (-444 -56 264 ) (-442 -56 264 ) 
4 251 268 (-64 0 144 ) (0 0 144 ) (0 -224 144 ) (-64 -224 144 ) 
4 251 263 (-158 -224 144 ) (0 -224 144 ) (0 -224 264 ) (-158 -224 264 ) 
4 251 255 (-158 0 144 ) (-158 -224 144 ) (-158 -224 172 ) (-158 0 172 ) 
4 251 253 (-158 -224 172 ) (-158 -224 264 ) (-158 -112 264 ) (-158 -112 172 ) 
4 251 252 (-158 0 248 ) (-158 0 188 ) (-158 -96 188 ) (-158 -96 248 ) 
4 252 259 (-170 -56 188 ) (-170 -96 188 ) (-170 -96 248 ) (-170 -56 248 ) 
4 252 257 (-170 0 248 ) (-170 0 188 ) (-170 -56 188 ) (-170 -56 248 ) 
4 253 263 (-158 -224 172 ) (-158 -224 264 ) (-160 -224 264 ) (-160 -224 172 ) 
4 253 255 (-160 -112 172 ) (-158 -112 172 ) (-158 -224 172 ) (-160 -224 172 ) 
4 254 259 (-170 -224 172 ) (-170 -224 264 ) (-170 -112 264 ) (-170 -112 172 ) 
4 254 256 (-170 -224 172 ) (-170 -112 172 ) (-168 -112 172 ) (-168 -224 172 ) 
4 255 263 (-160 -224 144 ) (-158 -224 144 ) (-158 -224 172 ) (-160 -224 172 ) 
4 256 259 (-170 -56 144 ) (-170 -224 144 ) (-170 -224 172 ) (-170 -56 172 ) 
4 256 257 (-170 0 144 ) (-170 -56 144 ) (-170 -56 172 ) (-170 0 172 ) 
4 257 259 (-432 -56 144 ) (-170 -56 144 ) (-170 -56 264 ) (-432 -56 264 ) 
4 257 258 (-432 0 144 ) (-432 -40 144 ) (-432 -40 248 ) (-432 0 248 ) 
4 258 261 (-444 0 144 ) (-444 -40 144 ) (-444 -40 248 ) (-444 0 248 ) 
4 260 264 (-444 -224 144 ) (-442 -224 144 ) (-442 -224 264 ) (-444 -224 264 ) 
4 260 261 (-444 -56 144 ) (-444 -224 144 ) (-444 -224 264 ) (-444 -56 264 ) 
4 261 278 (-602 -224 144 ) (-944 -224 144 ) (-944 -204 144 ) (-602 -204 144 ) 
4 261 277 (-600 -204 144 ) (-600 -224 144 ) (-602 -224 144 ) (-602 -204 144 ) 
4 261 275 (-672 0 144 ) (-600 0 144 ) (-600 -128 144 ) (-672 -144 144 ) 
4 261 274 (-600 -200 144 ) (-600 -204 144 ) (-672 -204 144 ) (-672 -184 144 ) 
4 261 276 (-944 0 144 ) (-672 0 144 ) (-672 -204 144 ) (-944 -204 144 ) 
4 261 264 (-944 -224 144 ) (-444 -224 144 ) (-444 -224 264 ) (-944 -224 264 ) 
4 261 262 (-944 -224 160 ) (-944 -224 264 ) (-944 0 264 ) (-944 0 160 ) 
4 262 321 (-1024 0 264 ) (-1024 0 160 ) (-1024 -224 160 ) (-1024 -224 264 ) 
4 262 267 (-944 -224 160 ) (-944 -224 264 ) (-1024 -224 264 ) (-1024 -224 160 ) 
4 263 268 (-64 -224 144 ) (0 -224 144 ) (0 -232 144 ) (-64 -232 144 ) 
4 263 266 (-160 -232 144 ) (0 -232 144 ) (0 -232 160 ) (-160 -232 160 ) 
4 263 265 (0 -232 160 ) (0 -232 304 ) (-160 -232 304 ) (-160 -232 160 ) 
4 264 278 (-944 -224 144 ) (-602 -224 144 ) (-602 -232 144 ) (-944 -232 144 ) 
4 264 277 (-602 -224 144 ) (-600 -224 144 ) (-600 -232 144 ) (-602 -232 144 ) 
4 264 267 (-944 -224 304 ) (-944 -224 160 ) (-944 -232 160 ) (-944 -232 304 ) 
4 264 266 (-944 -232 160 ) (-944 -232 144 ) (-442 -232 144 ) (-442 -232 160 ) 
4 264 265 (-944 -232 304 ) (-944 -232 160 ) (-442 -232 160 ) (-442 -232 304 ) 
4 265 267 (-944 -880 304 ) (-944 -232 304 ) (-944 -232 160 ) (-944 -880 160 ) 
4 265 266 (-944 -768 160 ) (-944 -232 160 ) (0 -232 160 ) (0 -768 160 ) 
4 266 280 (-672 -272 144 ) (-672 -252 144 ) (-600 -252 144 ) (-600 -256 144 ) 
4 266 279 (-600 -768 144 ) (-672 -768 144 ) (-672 -312 144 ) (-600 -328 144 ) 
4 266 281 (-672 -768 144 ) (-944 -768 144 ) (-944 -252 144 ) (-672 -252 144 ) 
4 266 278 (-944 -252 144 ) (-944 -232 144 ) (-602 -232 144 ) (-602 -252 144 ) 
4 266 277 (-602 -232 144 ) (-600 -232 144 ) (-600 -252 144 ) (-602 -252 144 ) 
4 266 269 (-64 -768 144 ) (-600 -768 144 ) (-600 -352 144 ) (-64 -352 144 ) 
4 266 268 (0 -232 144 ) (0 -768 144 ) (-64 -768 144 ) (-64 -232 144 ) 
4 267 321 (-1024 -880 304 ) (-1024 -224 304 ) (-1024 -224 160 ) (-1024 -880 160 ) 
4 268 273 (0 -328 136 ) (0 -768 136 ) (-64 -768 136 ) (-64 -328 136 ) 
4 268 272 (0 -320 136 ) (0 -328 136 ) (-64 -328 136 ) (-64 -320 136 ) 
4 268 270 (-64 0 136 ) (0 0 136 ) (0 -320 136 ) (-64 -320 136 ) 
4 268 269 (-64 -352 136 ) (-64 -768 136 ) (-64 -768 144 ) (-64 -352 144 ) 
4 269 279 (-600 -768 144 ) (-600 -352 144 ) (-600 -352 136 ) (-600 -768 136 ) 
4 269 273 (-600 -768 136 ) (-600 -352 136 ) (-64 -352 136 ) (-64 -768 136 ) 
4 270 293 (-80 -318 96 ) (-80 -320 96 ) (-82 -320 96 ) (-82 -318 96 ) 
4 270 288 (-80 -56 96 ) (-80 -206 96 ) (-82 -206 96 ) (-82 -56 96 ) 
4 270 286 (0 -72 96 ) (0 -320 96 ) (-80 -320 96 ) (-80 -72 96 ) 
4 270 283 (0 -56 96 ) (0 -72 96 ) (-80 -72 96 ) (-80 -56 96 ) 
4 270 282 (-80 0 96 ) (0 0 96 ) (0 -56 96 ) (-80 -56 96 ) 
4 270 272 (0 -320 136 ) (-82 -320 136 ) (-82 -320 96 ) (0 -320 96 ) 
4 271 302 (-204 -56 96 ) (-204 -320 96 ) (-592 -320 96 ) (-592 -56 96 ) 
4 271 300 (-590 0 96 ) (-204 0 96 ) (-204 -56 96 ) (-590 -56 96 ) 
4 271 295 (-204 0 96 ) (-92 0 96 ) (-92 -318 96 ) (-204 -318 96 ) 
4 271 289 (-90 -56 96 ) (-90 -206 96 ) (-92 -206 96 ) (-92 -56 96 ) 
4 272 293 (-82 -320 96 ) (-80 -320 96 ) (-80 -328 96 ) (-82 -328 96 ) 
4 272 286 (-80 -320 96 ) (0 -320 96 ) (0 -328 96 ) (-80 -328 96 ) 
4 272 273 (0 -328 136 ) (-82 -328 136 ) (-82 -328 96 ) (0 -328 96 ) 
4 273 303 (-600 -768 96 ) (-600 -328 96 ) (-204 -328 96 ) (-204 -768 96 ) 
4 273 299 (-92 -330 96 ) (-92 -768 96 ) (-204 -768 96 ) (-204 -330 96 ) 
4 273 294 (-92 -328 96 ) (-80 -328 96 ) (-80 -768 96 ) (-92 -768 96 ) 
4 273 286 (-80 -328 96 ) (0 -328 96 ) (0 -768 96 ) (-80 -768 96 ) 
4 273 279 (-600 -328 96 ) (-600 -768 96 ) (-600 -768 136 ) (-600 -328 136 ) 
4 274 306 (-600 -200 96 ) (-600 -204 96 ) (-672 -204 96 ) (-672 -184 96 ) 
4 274 278 (-672 -204 96 ) (-602 -204 96 ) (-602 -204 144 ) (-672 -204 144 ) 
4 274 277 (-602 -204 96 ) (-600 -204 96 ) (-600 -204 144 ) (-602 -204 144 ) 
4 274 276 (-672 -184 96 ) (-672 -204 96 ) (-672 -204 144 ) (-672 -184 144 ) 
4 275 308 (-600 -56 96 ) (-600 -128 96 ) (-672 -144 96 ) (-672 -56 96 ) 
4 275 305 (-672 0 96 ) (-602 0 96 ) (-602 -56 96 ) (-672 -56 96 ) 
4 275 276 (-672 0 96 ) (-672 -144 96 ) (-672 -144 144 ) (-672 0 144 ) 
4 276 309 (-944 -204 96 ) (-944 -56 96 ) (-672 -56 96 ) (-672 -204 96 ) 
4 276 305 (-944 -56 96 ) (-944 0 96 ) (-672 0 96 ) (-672 -56 96 ) 
4 276 278 (-944 -204 144 ) (-944 -204 96 ) (-672 -204 96 ) (-672 -204 144 ) 
4 277 310 (-602 -204 96 ) (-600 -204 96 ) (-600 -252 96 ) (-602 -252 96 ) 
4 277 280 (-602 -252 96 ) (-600 -252 96 ) (-600 -252 144 ) (-602 -252 144 ) 
4 277 278 (-602 -204 144 ) (-602 -204 96 ) (-602 -252 96 ) (-602 -252 144 ) 
4 278 311 (-944 -252 96 ) (-944 -204 96 ) (-602 -204 96 ) (-602 -252 96 ) 
4 278 280 (-672 -252 96 ) (-602 -252 96 ) (-602 -252 144 ) (-672 -252 144 ) 
4 278 281 (-944 -252 144 ) (-944 -252 96 ) (-672 -252 96 ) (-672 -252 144 ) 
4 279 312 (-600 -328 96 ) (-600 -768 96 ) (-672 -768 96 ) (-672 -312 96 ) 
4 279 281 (-672 -312 96 ) (-672 -768 96 ) (-672 -768 144 ) (-672 -312 144 ) 
4 280 314 (-672 -252 96 ) (-600 -252 96 ) (-600 -256 96 ) (-672 -272 96 ) 
4 280 281 (-672 -252 144 ) (-672 -252 96 ) (-672 -272 96 ) (-672 -272 144 ) 
4 281 315 (-944 -768 96 ) (-944 -252 96 ) (-672 -252 96 ) (-672 -768 96 ) 
4 282 317 (0 -4 -24 ) (0 -56 -24 ) (-76 -56 -24 ) (-76 -4 -24 ) 
4 282 287 (-80 0 -24 ) (-80 -40 -24 ) (-80 -40 80 ) (-80 0 80 ) 
4 282 284 (-80 -56 -8 ) (-80 -56 -10.285700 ) (0 -56 -10.285700 ) (0 -56 -8 ) 
4 282 283 (-80 -56 96 ) (-80 -56 -8 ) (0 -56 -8 ) (0 -56 96 ) 
4 283 288 (-80 -72 -8 ) (-80 -72 96 ) (-80 -56 96 ) (-80 -56 -8 ) 
4 283 286 (-80 -72 96 ) (-80 -72 -8 ) (0 -72 -8 ) (0 -72 96 ) 
4 283 285 (0 -72 -8 ) (-80 -72 -8 ) (-80 -66.666710 -8 ) (0 -66.666710 -8 ) 
4 283 284 (-80 -61.333302 -8 ) (-80 -56 -8 ) (0 -56 -8 ) (0 -61.333302 -8 ) 
3 284 288 (-80 -61.333302 -8 ) (-80 -56 -8 ) (-80 -56 -10.285700 ) 
3 285 288 (-80 -72 -10.285698 ) (-80 -72 -8 ) (-80 -66.666710 -8 ) 
4 285 286 (-80 -72 -8 ) (-80 -72 -10.285698 ) (0 -72 -10.285698 ) (0 -72 -8 ) 
4 286 319 (0 -72 -24 ) (0 -768 -24 ) (-80 -768 -24 ) (-80 -72 -24 ) 
4 286 294 (-80 -328 -24 ) (-80 -768 -24 ) (-80 -768 96 ) (-80 -328 96 ) 
4 286 293 (-80 -318 -24 ) (-80 -328 -24 ) (-80 -328 96 ) (-80 -318 96 ) 
4 286 291 (-80 -206 -24 ) (-80 -318 -24 ) (-80 -318 4 ) (-80 -206 4 ) 
4 286 290 (-80 -222 20 ) (-80 -302 20 ) (-80 -302 80 ) (-80 -222 80 ) 
4 286 288 (-80 -72 -24 ) (-80 -206 -24 ) (-80 -206 96 ) (-80 -72 96 ) 
4 287 297 (-92 0 -24 ) (-92 -40 -24 ) (-92 -40 4 ) (-92 0 4 ) 
4 287 295 (-92 -40 4 ) (-92 -40 80 ) (-92 0 80 ) (-92 0 4 ) 
4 288 291 (-82 -206 -24 ) (-80 -206 -24 ) (-80 -206 4 ) (-82 -206 4 ) 
4 289 297 (-92 -56 -24 ) (-92 -206 -24 ) (-92 -206 4 ) (-92 -56 4 ) 
4 289 295 (-92 -206 4 ) (-92 -206 96 ) (-92 -56 96 ) (-92 -56 4 ) 
4 289 292 (-92 -206 4 ) (-92 -206 -24 ) (-90 -206 -24 ) (-90 -206 4 ) 
4 290 295 (-92 -222 20 ) (-92 -302 20 ) (-92 -302 80 ) (-92 -222 80 ) 
4 291 293 (-82 -318 -24 ) (-80 -318 -24 ) (-80 -318 4 ) (-82 -318 4 ) 
4 292 297 (-92 -206 -24 ) (-92 -318 -24 ) (-92 -318 4 ) (-92 -206 4 ) 
4 293 294 (-82 -328 -24 ) (-80 -328 -24 ) (-80 -328 96 ) (-82 -328 96 ) 
4 294 299 (-92 -330 -24 ) (-92 -768 -24 ) (-92 -768 96 ) (-92 -330 96 ) 
4 294 298 (-92 -328 -24 ) (-92 -330 -24 ) (-92 -330 4 ) (-92 -328 4 ) 
4 295 302 (-204 -318 96 ) (-204 -56 96 ) (-204 -56 4 ) (-204 -318 4 ) 
4 295 300 (-204 -56 96 ) (-204 0 96 ) (-204 0 4 ) (-204 -56 4 ) 
4 295 297 (-204 -318 4 ) (-204 0 4 ) (-92 0 4 ) (-92 -318 4 ) 
4 295 296 (-188 -318 20 ) (-108 -318 20 ) (-108 -318 80 ) (-188 -318 80 ) 
4 296 299 (-188 -330 20 ) (-108 -330 20 ) (-108 -330 80 ) (-188 -330 80 ) 
4 297 302 (-204 -56 -24 ) (-204 -320 -24 ) (-204 -320 4 ) (-204 -56 4 ) 
4 297 300 (-204 0 -24 ) (-204 -56 -24 ) (-204 -56 4 ) (-204 0 4 ) 
4 298 303 (-204 -328 -24 ) (-204 -330 -24 ) (-204 -330 4 ) (-204 -328 4 ) 
4 298 299 (-204 -330 4 ) (-204 -330 -24 ) (-92 -330 -24 ) (-92 -330 4 ) 
4 299 303 (-204 -330 -24 ) (-204 -768 -24 ) (-204 -768 96 ) (-204 -330 96 ) 
4 300 302 (-590 -56 -24 ) (-204 -56 -24 ) (-204 -56 96 ) (-590 -56 96 ) 
4 300 301 (-590 0 -24 ) (-590 -40 -24 ) (-590 -40 80 ) (-590 0 80 ) 
4 301 304 (-600 0 -24 ) (-600 -40 -24 ) (-600 -40 80 ) (-600 0 80 ) 
4 303 312 (-600 -328 -24 ) (-600 -768 -24 ) (-600 -768 96 ) (-600 -328 96 ) 
4 304 305 (-602 0 -24 ) (-602 -40 -24 ) (-602 -40 80 ) (-602 0 80 ) 
4 305 308 (-602 -56 60.888885 ) (-602 -56 96 ) (-672 -56 96 ) (-672 -56 92 ) 
4 305 307 (-672 -56 -24 ) (-602 -56 -24 ) (-602 -56 60.888885 ) (-672 -56 92 ) 
4 305 309 (-944 -56 96 ) (-944 -56 -24 ) (-672 -56 -24 ) (-672 -56 96 ) 
4 306 311 (-672 -204 -24 ) (-602 -204 -24 ) (-602 -204 96 ) (-672 -204 96 ) 
4 306 310 (-602 -204 -24 ) (-600 -204 -24 ) (-600 -204 96 ) (-602 -204 96 ) 
4 306 307 (-600 -200 60 ) (-600 -200 -24 ) (-672 -184 -24 ) (-672 -184 92 ) 
4 306 309 (-672 -184 -24 ) (-672 -204 -24 ) (-672 -204 96 ) (-672 -184 96 ) 
4 307 308 (-600 -56 60 ) (-672 -56 92 ) (-672 -144 92 ) (-600 -128 60 ) 
4 307 309 (-672 -56 92 ) (-672 -56 -24 ) (-672 -184 -24 ) (-672 -184 92 ) 
4 308 309 (-672 -56 96 ) (-672 -56 92 ) (-672 -144 92 ) (-672 -144 96 ) 
4 309 311 (-944 -204 96 ) (-944 -204 -24 ) (-672 -204 -24 ) (-672 -204 96 ) 
4 310 314 (-600 -252 60 ) (-600 -252 96 ) (-602 -252 96 ) (-602 -252 60.888878 ) 
4 310 313 (-602 -252 -24 ) (-600 -252 -24 ) (-600 -252 60 ) (-602 -252 60.888878 ) 
4 310 311 (-602 -204 96 ) (-602 -204 -24 ) (-602 -252 -24 ) (-602 -252 96 ) 
4 311 314 (-602 -252 60.888885 ) (-602 -252 96 ) (-672 -252 96 ) (-672 -252 92 ) 
4 311 313 (-672 -252 -24 ) (-602 -252 -24 ) (-602 -252 60.888885 ) (-672 -252 92 ) 
4 311 315 (-944 -252 96 ) (-944 -252 -24 ) (-672 -252 -24 ) (-672 -252 96 ) 
4 312 313 (-600 -328 60 ) (-600 -328 -24 ) (-672 -312 -24 ) (-672 -312 92 ) 
4 312 315 (-672 -312 -24 ) (-672 -768 -24 ) (-672 -768 96 ) (-672 -312 96 ) 
4 313 314 (-600 -252 60 ) (-672 -252 92 ) (-672 -272 92 ) (-600 -256 60 ) 
4 313 315 (-672 -252 92 ) (-672 -252 -24 ) (-672 -312 -24 ) (-672 -312 92 ) 
4 314 315 (-672 -252 96 ) (-672 -252 92 ) (-672 -272 92 ) (-672 -272 96 ) 
4 316 318 (-76 0 -4064 ) (-76 -4 -4064 ) (-76 -4 -32 ) (-76 0 -32 ) 
4 316 317 (-76 -4 -32 ) (-76 -4 -4064 ) (0 -4 -4064 ) (0 -4 -32 ) 
4 317 320 (-76 -56 -4064 ) (0 -56 -4064 ) (0 -56 -32 ) (-76 -56 -32 ) 
4 317 318 (-76 -4 -4064 ) (-76 -56 -4064 ) (-76 -56 -32 ) (-76 -4 -32 ) 
4 318 320 (-80 -56 -32 ) (-80 -56 -4064 ) (-76 -56 -4064 ) (-76 -56 -32 ) 
4 319 320 (0 -768 -32 ) (-80 -768 -32 ) (-80 -60 -32 ) (0 -60 -32 ) 
