PRT1
75
277
5 0 1 (1088 880 320 ) (1088 384 320 ) (1024 304 320 ) (1024 989.714172 320 ) (1056 976 320 ) 
4 0 18 (128 0 320 ) (0 0 320 ) (0 896 320 ) (128 896 320 ) 
4 0 6 (928 0 320 ) (128 0 320 ) (128 896 320 ) (928 896 320 ) 
3 0 5 (960 224 320 ) (1024 544 320 ) (1024 304 320 ) 
4 0 4 (928 64 320 ) (928 896 320 ) (1024 896 320 ) (1024 544 320 ) 
5 0 2 (0 896 320 ) (0 1024 320 ) (944 1024 320 ) (1024 989.714172 320 ) (1024 896 320 ) 
3 0 36 (-1024 304 320 ) (-1024 544 320 ) (-960 224 320 ) 
4 0 35 (-1024 544 320 ) (-1024 896 320 ) (-928 896 320 ) (-928 64 320 ) 
4 0 34 (-576 0 320 ) (-928 0 320 ) (-928 896 320 ) (-576 896 320 ) 
4 0 24 (0 896 320 ) (0 0 320 ) (-576 0 320 ) (-576 896 320 ) 
5 0 22 (0 1024 320 ) (0 896 320 ) (-1024 896 320 ) (-1024 997.333313 320 ) (-944 1024 320 ) 
5 0 37 (-1088 384 320 ) (-1088 880 320 ) (-1040 992 320 ) (-1024 997.333313 320 ) (-1024 304 320 ) 
5 0 38 (1088 -384 320 ) (1088 -880 320 ) (1040 -992 320 ) (1024 -997.333313 320 ) (1024 -304 320 ) 
5 0 52 (944 -1024 320 ) (0 -1024 320 ) (0 -896 320 ) (1024 -896 320 ) (1024 -997.333313 320 ) 
4 0 42 (0 -896 320 ) (0 0 320 ) (576 0 320 ) (576 -896 320 ) 
3 0 40 (1024 -304 320 ) (1024 -544 320 ) (960 -224 320 ) 
4 0 39 (1024 -544 320 ) (1024 -896 320 ) (928 -896 320 ) (928 -64 320 ) 
4 0 41 (576 0 320 ) (928 0 320 ) (928 -896 320 ) (576 -896 320 ) 
5 0 72 (-1024 -989.714233 320 ) (-1024 -896 320 ) (0 -896 320 ) (0 -1024 320 ) (-944 -1024 320 ) 
3 0 71 (-1024 -544 320 ) (-1024 -304 320 ) (-960 -224 320 ) 
4 0 70 (-1024 -896 320 ) (-1024 -544 320 ) (-928 -64 320 ) (-928 -896 320 ) 
4 0 58 (-928 0 320 ) (-128 0 320 ) (-128 -896 320 ) (-928 -896 320 ) 
4 0 54 (-128 0 320 ) (0 0 320 ) (0 -896 320 ) (-128 -896 320 ) 
5 0 74 (-1088 -880 320 ) (-1088 -384 320 ) (-1024 -304 320 ) (-1024 -989.714294 320 ) (-1056 -976 320 ) 
4 1 5 (1024 544.001953 0 ) (1024 304 0 ) (1024 304 320 ) (1024 544 320 ) 
4 1 4 (1024 896 0 ) (1024 544.001953 0 ) (1024 544 320 ) (1024 896 320 ) 
4 1 3 (1024 989.714172 0 ) (1024 896 0 ) (1024 896 192 ) (1024 989.714172 192 ) 
4 1 2 (1024 896 192 ) (1024 896 320 ) (1024 989.714172 320 ) (1024 989.714172 192 ) 
4 2 22 (0 896 320 ) (0 1024 320 ) (0 1024 192 ) (0 896 192 ) 
4 2 19 (0 896 304 ) (0 896 192 ) (128 896 192 ) (128 896 304 ) 
4 2 18 (128 896 320 ) (0 896 320 ) (0 896 304 ) (128 896 304 ) 
4 2 9 (128.500000 896 192 ) (576 896 192 ) (576 896 319 ) (192 896 319 ) 
4 2 8 (128 896 319 ) (128 896 192 ) (128.500000 896 192 ) (192 896 319 ) 
4 2 7 (576 896 192 ) (928 896 192 ) (928 896 319 ) (576 896 319 ) 
4 2 6 (928 896 320 ) (128 896 320 ) (128 896 319 ) (928 896 319 ) 
4 2 4 (1024 896 192 ) (1024 896 320 ) (928 896 320 ) (928 896 192 ) 
5 2 3 (943.988037 1024 192 ) (1024 989.708984 192 ) (1024 896 192 ) (96 896 192 ) (96 1024 192 ) 
3 3 19 (128 896 192 ) (96 896 192 ) (128 896 179.199997 ) 
5 3 9 (576 896 0 ) (576 896 192 ) (128.500000 896 192 ) (128 896 191 ) (128 896 179.199997 ) 
3 3 8 (128.500000 896 192 ) (128 896 192 ) (128 896 191 ) 
4 3 7 (576 896 0 ) (928 896 0 ) (928 896 192 ) (576 896 192 ) 
4 3 4 (928 896 0 ) (1024 896 0 ) (1024 896 192 ) (928 896 192 ) 
4 4 7 (928 896 319 ) (928 896 0 ) (928 64.002014 0 ) (928 64 319 ) 
4 4 6 (928 896 320 ) (928 896 319 ) (928 64 319 ) (928 64 320 ) 
4 4 5 (959.998352 223.997971 0 ) (1024 544.006958 0 ) (1024 544.005066 320 ) (959.998840 223.998566 320 ) 
4 6 42 (576 0 320 ) (128 0 320 ) (128 0 319 ) (576 0 319 ) 
4 6 41 (928 0 320 ) (576 0 320 ) (576 0 319 ) (928 0 319 ) 
4 6 18 (128 896 320 ) (128 896 319 ) (128 0 319 ) (128 0 320 ) 
4 6 14 (352 157.117645 319 ) (352 160 319 ) (414 151.142853 319 ) (414 148 319 ) 
4 6 13 (414 0 319 ) (352 0 319 ) (352 157.117645 319 ) (414 148 319 ) 
4 6 12 (352 0 319 ) (192 0 319 ) (192 553.143311 319 ) (352 576 319 ) 
3 6 11 (192 553.143311 319 ) (192 598.866089 319 ) (352.031189 576.004395 319 ) 
4 6 10 (576 128 319 ) (576 0 319 ) (414 0 319 ) (414 151.142838 319 ) 
4 6 9 (192 896 319 ) (576 896 319 ) (576 544.008911 319 ) (192 598.866089 319 ) 
4 6 8 (128 0 319 ) (128 896 319 ) (192 896 319 ) (192 0 319 ) 
4 6 7 (576 896 319 ) (928 896 319 ) (928 0 319 ) (576 0 319 ) 
4 7 41 (576 0 0 ) (928 0 0 ) (928 0 319 ) (576 0 319 ) 
4 7 10 (576 0 319 ) (576 128 319 ) (576 128 0 ) (576 0 0 ) 
4 7 9 (576 544.008850 319 ) (576 896 319 ) (576 896 0 ) (576 544.008911 0 ) 
4 8 44 (128 0 192 ) (128 0 191 ) (192 0 319 ) (191.500015 0 319 ) 
3 8 43 (128 0 319 ) (128 0 192 ) (191.500015 0 319 ) 
4 8 19 (128 896 304 ) (128 896 191 ) (128 0 191 ) (128 0 304 ) 
4 8 18 (128 896 319 ) (128 896 304 ) (128 0 304 ) (128 0 319 ) 
4 8 17 (128 0 191 ) (128 128 191 ) (179.691696 135.384521 294.384979 ) (179.691696 0 294.384979 ) 
4 8 12 (179.691711 551.384888 294.384979 ) (191.998978 553.143188 319 ) (191.998962 0 319 ) (179.691696 0 294.384979 ) 
4 8 11 (128 544 191 ) (128 608.008850 191 ) (191.998978 598.866089 319 ) (191.998978 553.143188 319 ) 
4 8 9 (128 608.008850 191 ) (128 896 191 ) (191.998978 896 319 ) (191.998978 598.866089 319 ) 
4 9 19 (128 896 191 ) (128 896 0 ) (128 608.008911 0 ) (128 608.008850 191 ) 
5 9 11 (191.997925 598.865723 319 ) (128 608.008301 191.002884 ) (128 608.008301 0 ) (352.035828 576.003174 0 ) (352.029053 576.004150 319 ) 
4 10 44 (414 0 0 ) (576 0 0 ) (576 0 319 ) (414 0 319 ) 
4 10 16 (414 151.142822 0 ) (414 148 0 ) (414 148 3.947270 ) (414 151.142822 3.947270 ) 
4 10 15 (414 148 3.947270 ) (414 148 183.947006 ) (414 151.142838 183.947006 ) (414 151.142822 3.947270 ) 
4 10 14 (414 148 183.947006 ) (414 148 319 ) (414 151.142853 319 ) (414 151.142838 183.947006 ) 
4 10 13 (414 148 0 ) (414 0 0 ) (414 0 319 ) (414 148 319 ) 
4 11 19 (128 608.008911 0 ) (128 543.998840 0 ) (128 544 191 ) (128 608.008850 191 ) 
3 11 12 (352 576 319 ) (192.001831 553.144043 319 ) (179.694641 551.385742 294.385376 ) 
3 12 44 (352 0 319 ) (192 0 319 ) (179.692017 0 294.385010 ) 
4 12 17 (179.695282 0 294.384766 ) (179.695282 135.385056 294.384766 ) (346 159.142853 318.142731 ) (346 0 318.142731 ) 
4 12 14 (352 160 319 ) (352 157.117493 319 ) (346 158 318.142731 ) (346 159.142853 318.142731 ) 
4 12 13 (352 157.117493 319 ) (352 0 319 ) (346 0 318.142731 ) (346 158 318.142731 ) 
5 13 44 (346 0 0 ) (414 0 0 ) (414 0 319 ) (352 0 319 ) (346 0 318.142883 ) 
4 13 17 (346 0 318.140625 ) (346 158 318.140625 ) (346 158 0 ) (346 0 0 ) 
4 13 16 (346 158 0 ) (346 158 3.947270 ) (414 148 3.947270 ) (414 148 0 ) 
4 13 15 (346 158 3.947270 ) (346 158 183.947006 ) (414 148 183.947006 ) (414 148 3.947270 ) 
5 13 14 (346 158 183.947006 ) (346 158 318.136719 ) (352.043091 157.111801 319 ) (414 148 319 ) (414 148 183.947006 ) 
4 14 17 (346 158 318.140625 ) (346 159.142853 318.140625 ) (346 159.142853 183.947006 ) (346 158 183.947006 ) 
5 14 15 (414 148 183.947006 ) (346 158 183.947006 ) (346 159.142853 183.947006 ) (352 160 183.947006 ) (414 151.142853 183.947006 ) 
4 15 17 (346 159.142853 3.947270 ) (346 158 3.947270 ) (346 158 183.947006 ) (346 159.142853 183.947006 ) 
5 15 16 (414 148 3.947270 ) (346 158 3.947270 ) (346 159.142853 3.947270 ) (352 160 3.947270 ) (414 151.142853 3.947270 ) 
4 16 17 (346 159.142853 0 ) (346 158 0 ) (346 158 3.947270 ) (346 159.142868 3.947270 ) 
5 17 44 (128 0 191 ) (128 0 0 ) (346 0 0 ) (346 0 318.142883 ) (179.692017 0 294.385010 ) 
4 17 19 (128 128 0 ) (128 0 0 ) (128 0 191 ) (128 128 191 ) 
4 18 48 (0 0 319 ) (0 0 304 ) (128 0 304 ) (128 0 319 ) 
4 18 42 (128 0 320 ) (0 0 320 ) (0 0 319 ) (128 0 319 ) 
4 18 25 (0 0 304 ) (0 0 319 ) (0 896 319 ) (0 896 304 ) 
4 18 24 (0 0 319 ) (0 0 320 ) (0 896 320 ) (0 896 319 ) 
5 18 19 (0 896 304 ) (128 896 304 ) (128 0 304 ) (28 0 304 ) (0 28 304 ) 
4 19 51 (84 0 0 ) (128 0 0 ) (128 0 304 ) (28 0 304 ) 
4 19 26 (0 28 304 ) (0 896 304 ) (0 896 0 ) (0 84 0 ) 
3 19 21 (28 0 304 ) (56 28 0 ) (84 0 0 ) 
3 19 20 (0 28 304 ) (0 84 0 ) (28 56 0 ) 
3 20 27 (0 28 304 ) (0 84 0 ) (0 56 0 ) 
3 21 51 (56 0 0 ) (84 0 0 ) (28 0 304 ) 
4 22 37 (-1024 896 320 ) (-1024 997.333313 320 ) (-1024 997.333313 192 ) (-1024 896 192 ) 
4 22 35 (-928 896 320 ) (-1024 896 320 ) (-1024 896 192 ) (-928 896 192 ) 
4 22 34 (-576 896 320 ) (-928 896 320 ) (-928 896 192 ) (-576 896 192 ) 
5 22 32 (-191.500000 896 319 ) (-352 896 319 ) (-576 896 287 ) (-576 896 192 ) (-128 896 192 ) 
3 22 31 (-352 896 319 ) (-576 896 319 ) (-576 896 287 ) 
3 22 29 (-128 896 319 ) (-191.500000 896 319 ) (-128 896 192 ) 
4 22 26 (0 896 192 ) (0 896 304 ) (-128 896 304 ) (-128 896 192 ) 
4 22 25 (0 896 304 ) (0 896 319 ) (-128 896 319 ) (-128 896 304 ) 
4 22 24 (0 896 319 ) (0 896 320 ) (-576 896 320 ) (-576 896 319 ) 
5 22 23 (-96 896 192 ) (-1024 896 192 ) (-1024 997.333313 192 ) (-944 1024 192 ) (-96 1024 192 ) 
4 23 37 (-1024 997.333313 192 ) (-1024 997.333313 0 ) (-1024 896 0 ) (-1024 896 192 ) 
4 23 35 (-1024 896 0 ) (-928 896 0 ) (-928 896 192 ) (-1024 896 192 ) 
4 23 34 (-928 896 0 ) (-576 896 0 ) (-576 896 192 ) (-928 896 192 ) 
4 23 32 (-576 896 0 ) (-128 896 179.199997 ) (-128 896 192 ) (-576 896 192 ) 
3 23 26 (-128 896 179.199997 ) (-96 896 192 ) (-128 896 192 ) 
4 24 58 (-128 0 320 ) (-576 0 320 ) (-576 0 319 ) (-128 0 319 ) 
4 24 54 (0 0 319 ) (0 0 320 ) (-128 0 320 ) (-128 0 319 ) 
4 24 34 (-576 896 320 ) (-576 896 319 ) (-576 0 319 ) (-576 0 320 ) 
4 24 33 (-191.500000 598.937500 319 ) (-191.500000 553.071411 319 ) (-352 576 319 ) (-352 576.008972 319 ) 
4 24 32 (-352 896 319 ) (-191.500000 896 319 ) (-191.500000 598.937500 319 ) (-352 576.008972 319 ) 
4 24 31 (-576 128 319 ) (-576 896 319 ) (-352 896 319 ) (-352 160 319 ) 
5 24 30 (-191.500000 0 319 ) (-576 0 319 ) (-576 128 319 ) (-352 160 319 ) (-191.500000 137.071426 319 ) 
4 24 29 (-128 0 319 ) (-191.500000 0 319 ) (-191.500000 896 319 ) (-128 896 319 ) 
4 24 25 (0 0 319 ) (-128 0 319 ) (-128 896 319 ) (0 896 319 ) 
4 25 54 (0 0 304 ) (0 0 319 ) (-128 0 319 ) (-128 0 304 ) 
4 25 29 (-128 0 319 ) (-128 896 319 ) (-128 896 304 ) (-128 0 304 ) 
4 25 28 (-28 0 304 ) (-128 0 304 ) (-128 28 304 ) (-28 28 304 ) 
3 25 27 (-128 28 304 ) (-128 156 304 ) (0 28 304 ) 
4 25 26 (-128 156 304 ) (-128 896 304 ) (0 896 304 ) (0 28 304 ) 
4 26 33 (-128 608.008911 0 ) (-128 544 0 ) (-128 544 192 ) (-128 608.008911 192 ) 
4 26 32 (-128 896 192 ) (-128 896 0 ) (-128 608.008911 0 ) (-128 608.008911 192 ) 
4 26 29 (-128 896 304 ) (-128 896 192 ) (-128 176.631577 192 ) (-128 156 304 ) 
4 26 27 (0 28 304 ) (-128 156 304 ) (-128 212 0 ) (0 84 0 ) 
4 27 30 (-128 128 0 ) (-128 56 0 ) (-128 38.315792 192 ) (-128 128 192 ) 
4 27 29 (-128 38.315792 192 ) (-128 28 304 ) (-128 156 304 ) (-128 176.631577 192 ) 
4 27 28 (-28 28 304 ) (-128 28 304 ) (-128 56 0 ) (-56 56 0 ) 
3 28 57 (-28 0 304 ) (-84 0 0 ) (-56 0 0 ) 
4 28 55 (-28 0 304 ) (-128 0 304 ) (-128 0 0 ) (-84 0 0 ) 
4 28 30 (-128 56 0 ) (-128 0 0 ) (-128 0 192 ) (-128 38.315792 192 ) 
4 28 29 (-128 0 192 ) (-128 0 304 ) (-128 28 304 ) (-128 38.315792 192 ) 
3 29 59 (-128 0 319 ) (-191.500000 0 319 ) (-128 0 192 ) 
4 29 33 (-128 608.008911 192.001938 ) (-128 544 192.001938 ) (-191.499039 553.071289 319 ) (-191.499039 598.937622 319 ) 
4 29 32 (-128 896 192.001923 ) (-128 608.008911 192.001938 ) (-191.499039 598.937622 319 ) (-191.499039 896 319 ) 
4 29 30 (-128 128 192.001953 ) (-128 0 192.001953 ) (-191.499023 0 319 ) (-191.499023 137.071274 319 ) 
4 30 68 (-414 0 319 ) (-576 0 319 ) (-576 0 0 ) (-414 0 0 ) 
5 30 64 (-352 0 319 ) (-414 0 319 ) (-414 0 0 ) (-346 0 0 ) (-346 0 318.142883 ) 
5 30 63 (-346 0 0 ) (-128 0 0 ) (-128 0 191 ) (-179.691986 0 294.385010 ) (-346 0 318.142883 ) 
3 30 62 (-192 0 319 ) (-352 0 319 ) (-179.691986 0 294.385010 ) 
4 30 59 (-191.500000 0 319 ) (-192 0 319 ) (-128 0 191 ) (-128 0 192 ) 
4 30 34 (-576 128 0 ) (-576 0 0 ) (-576 0 319 ) (-576 128 319 ) 
3 30 31 (-576 128 287 ) (-576 128 319 ) (-352.003265 160 319 ) 
4 31 34 (-576 896 319 ) (-576 896 287 ) (-576 128 287 ) (-576 128 319 ) 
4 31 32 (-576 544.008911 287 ) (-576 896 287 ) (-352.005798 896 319 ) (-352.005798 576.008057 319 ) 
4 32 34 (-576 896 287 ) (-576 896 0 ) (-576 544.008911 0 ) (-576 544.008911 287 ) 
6 32 33 (-128 608.008789 0 ) (-128 608.008789 192.011719 ) (-191.494141 598.937988 319 ) (-352.011749 576.006836 319 ) (-352.029877 576.004272 318.997406 ) (-352.030426 576.004333 0 ) 
4 34 69 (-928 0 319 ) (-928 0 0 ) (-576 0 0 ) (-576 0 319 ) 
4 34 58 (-576 0 320 ) (-928 0 320 ) (-928 0 319 ) (-576 0 319 ) 
4 34 35 (-928 896 320 ) (-928 896 0 ) (-928 64 0 ) (-928 64 320 ) 
4 35 37 (-1024 544 320 ) (-1024 896 320 ) (-1024 896 0 ) (-1024 544 0 ) 
4 35 36 (-1024 543.998779 0 ) (-960 224 0 ) (-960 224 320 ) (-1024 543.998779 320 ) 
4 36 37 (-1024 304 320 ) (-1024 544 320 ) (-1024 544 0 ) (-1024 304 0 ) 
4 38 53 (1024 -896 192 ) (1024 -896 0 ) (1024 -997.333374 0 ) (1024 -997.333313 192 ) 
4 38 52 (1024 -997.333313 320 ) (1024 -896 320 ) (1024 -896 192 ) (1024 -997.333313 192 ) 
4 38 40 (1024 -544 320 ) (1024 -304 320 ) (1024 -304 0 ) (1024 -544 0 ) 
4 38 39 (1024 -896 320 ) (1024 -544 320 ) (1024 -544 0 ) (1024 -896 0 ) 
4 39 53 (928 -896 0 ) (1024 -896 0 ) (1024 -896 192 ) (928 -896 192 ) 
4 39 52 (1024 -896 192 ) (1024 -896 320 ) (928 -896 320 ) (928 -896 192 ) 
4 39 40 (1024 -543.998779 0 ) (960 -224 0 ) (960 -224 320 ) (1024 -543.998779 320 ) 
4 39 41 (928 -64 0 ) (928 -896 0 ) (928 -896 320 ) (928 -64 320 ) 
4 41 53 (576 -896 0 ) (928 -896 0 ) (928 -896 192 ) (576 -896 192 ) 
4 41 52 (928 -896 192 ) (928 -896 320 ) (576 -896 320 ) (576 -896 192 ) 
4 41 46 (576 -544.008911 287 ) (576 -544.008911 319 ) (576 -128 319 ) (576 -128 287 ) 
4 41 45 (576 -544.008911 0 ) (576 -896 0 ) (576 -896 319 ) (576 -544.008911 319 ) 
4 41 44 (576 0 0 ) (576 -128 0 ) (576 -128 319 ) (576 0 319 ) 
4 41 42 (576 -896 319 ) (576 -896 320 ) (576 0 320 ) (576 0 319 ) 
4 42 54 (0 0 320 ) (0 0 319 ) (0 -896 319 ) (0 -896 320 ) 
4 42 52 (576 -896 319 ) (576 -896 320 ) (0 -896 320 ) (0 -896 319 ) 
4 42 48 (128 -896 319 ) (0 -896 319 ) (0 0 319 ) (128 0 319 ) 
4 42 47 (352 -576.008911 319 ) (191.500000 -598.937500 319 ) (191.500000 -553.071411 319 ) (352 -576 319 ) 
4 42 46 (576 -128 319 ) (576 -544.008911 319 ) (352 -576.008911 319 ) (352 -160 319 ) 
4 42 45 (576 -544.008911 319 ) (576 -896 319 ) (191.500000 -896 319 ) (191.500000 -598.937500 319 ) 
5 42 44 (576 0 319 ) (576 -128 319 ) (352 -160 319 ) (191.500000 -137.071426 319 ) (191.500000 0 319 ) 
4 42 43 (191.500000 -896 319 ) (128 -896 319 ) (128 0 319 ) (191.500000 0 319 ) 
3 43 52 (191.500000 -896 319 ) (128 -896 319 ) (128 -896 192 ) 
4 43 51 (128 -28 304 ) (128 0 304 ) (128 0 192 ) (128 -38.315796 192 ) 
4 43 50 (128 -156 304 ) (128 -28 304 ) (128 -38.315796 192 ) (128 -176.631577 192 ) 
4 43 49 (128 -896 192 ) (128 -896 304 ) (128 -156 304 ) (128 -176.631577 192 ) 
4 43 48 (128 -896 304 ) (128 -896 319 ) (128 0 319 ) (128 0 304 ) 
4 43 47 (128 -608.008911 192.001938 ) (128 -544 192.001938 ) (191.499039 -553.071289 319 ) (191.499039 -598.937622 319 ) 
4 43 45 (128 -896 192.001923 ) (128 -608.008911 192.001938 ) (191.499039 -598.937622 319 ) (191.499039 -896 319 ) 
4 43 44 (128 -128 192.001953 ) (128 0 192.001953 ) (191.499023 0 319 ) (191.499023 -137.071274 319 ) 
4 44 51 (128 0 0 ) (128 -56 0 ) (128 -38.315796 192 ) (128 0 192 ) 
4 44 50 (128 -56 0 ) (128 -128 0 ) (128 -128 192 ) (128 -38.315796 192 ) 
3 44 46 (576 -128 287 ) (576 -128 319 ) (352.003265 -160 319 ) 
4 45 53 (576 -896 0 ) (576 -896 192 ) (128 -896 192 ) (128 -896 179.199997 ) 
4 45 52 (576 -896 192 ) (576 -896 319 ) (191.500000 -896 319 ) (128 -896 192 ) 
4 45 49 (128 -608.008911 0 ) (128 -896 0 ) (128 -896 192 ) (128 -608.008911 192 ) 
6 45 47 (128 -608.008789 0 ) (128 -608.008789 191.996094 ) (191.501953 -598.937073 319 ) (352 -576.008789 319 ) (352.030975 -576.004333 318.995575 ) (352.030853 -576.004395 0 ) 
3 45 46 (352 -576.008789 319 ) (576 -544.008789 319 ) (576 -544.008789 287 ) 
4 47 49 (128 -544 0 ) (128 -608.008911 0 ) (128 -608.008911 192 ) (128 -544 192 ) 
4 48 54 (0 0 319 ) (0 0 304 ) (0 -896 304 ) (0 -896 319 ) 
4 48 52 (128 -896 304 ) (128 -896 319 ) (0 -896 319 ) (0 -896 304 ) 
4 48 51 (128 0 304 ) (128 -28 304 ) (28 -28 304 ) (28 0 304 ) 
3 48 50 (128 -28 304 ) (128 -156 304 ) (0 -28 304 ) 
4 48 49 (128 -156 304 ) (128 -896 304 ) (0 -896 304 ) (0 -28 304 ) 
4 49 55 (0 -84 0 ) (0 -896 0 ) (0 -896 304 ) (0 -28 304 ) 
3 49 53 (128 -896 179.199982 ) (128 -896 192 ) (96 -896 192 ) 
4 49 52 (128 -896 192 ) (128 -896 304 ) (0 -896 304 ) (0 -896 192 ) 
4 49 50 (0 -28 304 ) (128 -156 304 ) (128 -212 0 ) (0 -84 0 ) 
3 50 56 (0 -56 0 ) (0 -84 0 ) (0 -28 304 ) 
4 50 51 (28 -28 304 ) (128 -28 304 ) (128 -56 0 ) (56 -56 0 ) 
4 52 72 (0 -1024 192 ) (0 -1024 320 ) (0 -896 320 ) (0 -896 192 ) 
5 52 53 (1024 -997.333313 192 ) (944 -1024 192 ) (96 -1024 192 ) (96 -896 192 ) (1024 -896 192 ) 
4 54 72 (0 -896 304 ) (0 -896 320 ) (-128 -896 320 ) (-128 -896 304 ) 
4 54 59 (-128 -896 304 ) (-128 -896 319 ) (-128 0 319 ) (-128 0 304 ) 
4 54 58 (-128 -896 319 ) (-128 -896 320 ) (-128 0 320 ) (-128 0 319 ) 
5 54 55 (0 -896 304 ) (-128 -896 304 ) (-128 0 304 ) (-28 0 304 ) (0 -28 304 ) 
3 55 73 (-96 -896 192 ) (-128 -896 192 ) (-128 -896 179.199997 ) 
4 55 72 (0 -896 192 ) (0 -896 304 ) (-128 -896 304 ) (-128 -896 192 ) 
4 55 63 (-128 0 0 ) (-128 -128 0 ) (-128 -128 191 ) (-128 0 191 ) 
4 55 61 (-128 -543.998840 0 ) (-128 -608.008850 0 ) (-128 -608.008911 191 ) (-128 -544 191 ) 
4 55 60 (-128 -608.008850 0 ) (-128 -896 0 ) (-128 -896 191 ) (-128 -608.008911 191 ) 
4 55 59 (-128 -896 191 ) (-128 -896 304 ) (-128 0 304 ) (-128 0 191 ) 
3 55 57 (-28 0 304 ) (-56 -28 0 ) (-84 0 0 ) 
3 55 56 (0 -28 304 ) (0 -84 0 ) (-28 -56 0 ) 
4 58 72 (-128 -896 319 ) (-128 -896 320 ) (-928 -896 320 ) (-928 -896 319 ) 
4 58 70 (-928 -896 319 ) (-928 -896 320 ) (-928 -64 320 ) (-928 -64 319 ) 
4 58 68 (-576 0 319 ) (-414 0 319 ) (-414 -151.142838 319 ) (-576 -128 319 ) 
4 58 65 (-352 -157.117645 319 ) (-352 -160 319 ) (-414 -151.142853 319 ) (-414 -148 319 ) 
4 58 64 (-414 0 319 ) (-352 0 319 ) (-352 -157.117645 319 ) (-414 -148 319 ) 
4 58 62 (-352 0 319 ) (-192 0 319 ) (-192 -553.143311 319 ) (-352 -576 319 ) 
3 58 61 (-192 -553.143311 319 ) (-192 -598.866089 319 ) (-352.031189 -576.004395 319 ) 
4 58 60 (-192 -598.866089 319 ) (-192 -896 319 ) (-576 -896 319 ) (-576 -544.008911 319 ) 
4 58 59 (-192 0 319 ) (-128 0 319 ) (-128 -896 319 ) (-192 -896 319 ) 
4 58 69 (-928 -896 319 ) (-928 0 319 ) (-576 0 319 ) (-576 -896 319 ) 
3 59 73 (-128 -896 191 ) (-128 -896 192 ) (-128.499985 -896 192 ) 
4 59 72 (-128 -896 192 ) (-128 -896 319 ) (-192 -896 319 ) (-128.499985 -896 192 ) 
4 59 63 (-128 0 191 ) (-128 -128 191 ) (-179.691696 -135.384521 294.384979 ) (-179.691696 0 294.384979 ) 
4 59 62 (-179.691711 -551.384888 294.384979 ) (-191.998978 -553.143188 319 ) (-191.998962 0 319 ) (-179.691696 0 294.384979 ) 
4 59 61 (-128 -544 191 ) (-128 -608.008850 191 ) (-191.998978 -598.866089 319 ) (-191.998978 -553.143188 319 ) 
4 59 60 (-128 -608.008850 191 ) (-128 -896 191 ) (-191.998978 -896 319 ) (-191.998978 -598.866089 319 ) 
5 60 73 (-576 -896 0 ) (-128 -896 179.199997 ) (-128 -896 191 ) (-128.499985 -896 192 ) (-576 -896 192 ) 
4 60 72 (-128.499985 -896 192 ) (-192 -896 319 ) (-576 -896 319 ) (-576 -896 192 ) 
5 60 61 (-191.997925 -598.865723 319 ) (-128 -608.008301 191.002884 ) (-128 -608.008301 0 ) (-352.035828 -576.003174 0 ) (-352.029053 -576.004150 319 ) 
4 60 69 (-576 -544.008850 0 ) (-576 -896 0 ) (-576 -896 319 ) (-576 -544.008911 319 ) 
3 61 62 (-352 -576 319 ) (-192.001831 -553.144043 319 ) (-179.694641 -551.385742 294.385376 ) 
4 62 65 (-352 -160 319 ) (-352 -157.117493 319 ) (-346 -158 318.142731 ) (-346 -159.142853 318.142731 ) 
4 62 64 (-352 -157.117493 319 ) (-352 0 319 ) (-346 0 318.142731 ) (-346 -158 318.142731 ) 
4 62 63 (-346 -159.142853 318.142731 ) (-346 0 318.142731 ) (-179.695282 0 294.384766 ) (-179.695282 -135.385056 294.384766 ) 
4 63 67 (-346 -158 0 ) (-346 -159.142868 0 ) (-346 -159.142868 3.947270 ) (-346 -158 3.947270 ) 
4 63 66 (-346 -159.142868 3.947270 ) (-346 -159.142853 183.947006 ) (-346 -158 183.947006 ) (-346 -158 3.947270 ) 
4 63 65 (-346 -159.142853 183.947006 ) (-346 -159.142853 318.140625 ) (-346 -158 318.140625 ) (-346 -158 183.947006 ) 
4 63 64 (-346 0 0 ) (-346 -158 0 ) (-346 -158 318.140625 ) (-346 0 318.140625 ) 
4 64 68 (-414 0 0 ) (-414 -148 0 ) (-414 -148 319 ) (-414 0 319 ) 
4 64 67 (-346 -158 0 ) (-346 -158 3.947270 ) (-414 -148 3.947270 ) (-414 -148 0 ) 
4 64 66 (-346 -158 3.947270 ) (-346 -158 183.947006 ) (-414 -148 183.947006 ) (-414 -148 3.947270 ) 
5 64 65 (-346 -158 183.947006 ) (-346 -158 318.136719 ) (-352.043091 -157.111801 319 ) (-414 -148 319 ) (-414 -148 183.947006 ) 
4 65 68 (-414 -151.142853 319 ) (-414 -148 319 ) (-414 -148 183.947006 ) (-414 -151.142853 183.947006 ) 
5 65 66 (-414 -148 183.947006 ) (-346 -158 183.947006 ) (-346 -159.142853 183.947006 ) (-352 -160 183.947006 ) (-414 -151.142853 183.947006 ) 
4 66 68 (-414 -151.142853 183.947006 ) (-414 -148 183.947006 ) (-414 -148 3.947270 ) (-414 -151.142853 3.947270 ) 
5 66 67 (-414 -148 3.947270 ) (-346 -158 3.947270 ) (-346 -159.142853 3.947270 ) (-352 -160 3.947270 ) (-414 -151.142853 3.947270 ) 
4 67 68 (-414 -148 0 ) (-414 -151.142853 0 ) (-414 -151.142853 3.947270 ) (-414 -148 3.947270 ) 
4 68 69 (-576 0 0 ) (-576 -128 0 ) (-576 -128 319 ) (-576 0 319 ) 
4 69 73 (-928 -896 0 ) (-576 -896 0 ) (-576 -896 192 ) (-928 -896 192 ) 
4 69 72 (-576 -896 192 ) (-576 -896 319 ) (-928 -896 319 ) (-928 -896 192 ) 
4 69 70 (-928 -64.001976 0 ) (-928 -896 0 ) (-928 -896 319 ) (-928 -64 319 ) 
4 70 74 (-1024 -544.002014 0 ) (-1024 -896 0 ) (-1024 -896 320 ) (-1024 -544 320 ) 
4 70 73 (-1024 -896 0 ) (-928 -896 0 ) (-928 -896 192 ) (-1024 -896 192 ) 
4 70 72 (-928 -896 192 ) (-928 -896 320 ) (-1024 -896 320 ) (-1024 -896 192 ) 
4 70 71 (-959.998352 -223.997971 0 ) (-1024 -544.006958 0 ) (-1024 -544.005066 320 ) (-959.998840 -223.998566 320 ) 
4 71 74 (-1024 -304 0 ) (-1024 -544.002014 0 ) (-1024 -544 320 ) (-1024 -304 320 ) 
4 72 74 (-1024 -989.714233 192 ) (-1024 -989.714233 320 ) (-1024 -896 320 ) (-1024 -896 192 ) 
5 72 73 (-96 -1024 192 ) (-943.996094 -1024 192 ) (-1024 -989.712280 192 ) (-1024 -896 192 ) (-96 -896 192 ) 
4 73 74 (-1024 -896 0 ) (-1024 -989.714233 0 ) (-1024 -989.714233 192 ) (-1024 -896 192 ) 
